browser	Run npm run test:e2e	﻿2026-10-10T14:57:51.5739055Z ##[group]Run npm run test:e2e
browser	Run npm run test:e2e	2026-10-10T14:57:51.5739381Z [36;1mnpm run test:e2e[0m
browser	Run npm run test:e2e	2026-10-10T14:57:51.5803421Z shell: /usr/bin/bash -e {0}
browser	Run npm run test:e2e	2026-10-10T14:57:51.5803871Z env:
browser	Run npm run test:e2e	2026-10-10T14:57:51.5804149Z   pythonLocation: /opt/hostedtoolcache/Python/3.12.15/x64
browser	Run npm run test:e2e	2026-10-10T14:57:51.5804612Z   PKG_CONFIG_PATH: /opt/hostedtoolcache/Python/3.12.15/x64/lib/pkgconfig
browser	Run npm run test:e2e	2026-10-10T14:57:51.5805064Z   Python_ROOT_DIR: /opt/hostedtoolcache/Python/3.12.15/x64
browser	Run npm run test:e2e	2026-10-10T14:57:51.5805466Z   Python2_ROOT_DIR: /opt/hostedtoolcache/Python/3.12.15/x64
browser	Run npm run test:e2e	2026-10-10T14:57:51.5805873Z   Python3_ROOT_DIR: /opt/hostedtoolcache/Python/3.12.15/x64
browser	Run npm run test:e2e	2026-10-10T14:57:51.5806291Z   LD_LIBRARY_PATH: /opt/hostedtoolcache/Python/3.12.15/x64/lib
browser	Run npm run test:e2e	2026-10-10T14:57:51.5806624Z ##[endgroup]
browser	Run npm run test:e2e	2026-10-10T14:57:51.6866230Z 
browser	Run npm run test:e2e	2026-10-10T14:57:51.6866586Z > atlasmode@0.1.0 test:e2e
browser	Run npm run test:e2e	2026-10-10T14:57:51.6867113Z > playwright test
browser	Run npm run test:e2e	2026-10-10T14:57:51.6867365Z 
browser	Run npm run test:e2e	2026-10-10T14:57:53.6817708Z 
browser	Run npm run test:e2e	2026-10-10T14:57:53.6818370Z Running 17 tests using 1 worker
browser	Run npm run test:e2e	2026-10-10T14:57:53.6819246Z 
browser	Run npm run test:e2e	2026-10-10T14:58:07.6962827Z   ✘   1 tests/e2e/agent-chat.spec.ts:26:1 › actual disconnected provider shows conversation shell and retains failed input; source and advanced controls are opt-in (12.5s)
browser	Run npm run test:e2e	2026-10-10T14:58:13.5586103Z   ✓   2 tests/e2e/agent-chat.spec.ts:170:1 › labeled trusted test adapter streams through real bridge, journals drafts, focuses changes, cancels partial work and isolates projects (4.7s)
browser	Run npm run test:e2e	2026-10-10T14:58:20.1875498Z   ✓   3 tests/e2e/breadcrumb-navigation.spec.ts:33:1 › breadcrumbs navigate function, indexed file, folders, root and truthful planned paths, superseding stale scope responses (6.6s)
browser	Run npm run test:e2e	2026-10-10T14:58:23.8299415Z   ✓   4 tests/e2e/commonjs.spec.ts:22:3 › production browser displays captured package coverage truthfully in Chinese and English (3.6s)
browser	Run npm run test:e2e	2026-10-10T14:58:28.2975408Z   ✓   5 tests/e2e/commonjs.spec.ts:22:3 › production browser displays unrecorded legacy package coverage truthfully in Chinese and English (4.5s)
browser	Run npm run test:e2e	2026-10-10T14:58:29.7548696Z   ✓   6 tests/e2e/commonjs.spec.ts:221:1 › recorded zero manifests is distinct from unrecorded coverage (1.4s)
browser	Run npm run test:e2e	2026-10-10T14:58:32.7516556Z   ✓   7 tests/e2e/first-use.spec.ts:10:1 › first use offers an offline path and preserves optional AI drafts through disclosure (3.0s)
browser	Run npm run test:e2e	2026-10-10T14:58:38.6421995Z   ✓   8 tests/e2e/focus-navigation.spec.ts:35:1 › high-degree function and file funnels keep readable neighbor windows with truthful totals and restore overview (5.9s)
browser	Run npm run test:e2e	2026-10-10T14:58:42.6694994Z   ✓   9 tests/e2e/focus-navigation.spec.ts:204:1 › semantic creation after overview and multi-change plan choice fit their affected cards (4.0s)
browser	Run npm run test:e2e	2026-10-10T14:58:45.9576391Z   ✓  10 tests/e2e/focus-navigation.spec.ts:406:1 › double-click builds an animated directional funnel, restores overview and honors reduced motion for file dependencies (3.3s)
browser	Run npm run test:e2e	2026-10-10T14:58:49.4055817Z   ✓  11 tests/e2e/forwarding.spec.ts:21:1 › production browser follows a two-hop entry to the real leaf, preserves authored source in both languages and exposes unsafe forwarding reason (3.4s)
browser	Run npm run test:e2e	2026-10-10T14:59:11.4367467Z   ✘  12 tests/e2e/graph-inspection.spec.ts:43:1 › inspection preserves the camera, uniquely previews repeated calls, and funnel dragging survives pages while maps navigate (21.5s)
browser	Run npm run test:e2e	2026-10-10T14:59:17.2406761Z   ✓  13 tests/e2e/groups.spec.ts:17:1 › circle groups edit cross-directory shared functions and persist across owned-server restart without changing source (5.1s)
browser	Run npm run test:e2e	2026-10-10T14:59:19.9777267Z   ✓  14 tests/e2e/pending-plans.spec.ts:11:1 › 待审入口打开实际变更，选择改动与显式批准分别生效 (2.7s)
browser	Run npm run test:e2e	2026-10-10T14:59:39.3051734Z   ✘  15 tests/e2e/planning.spec.mjs:18:1 › production UI and SDK share the complete planning, approval, persistence and verification flow offline (18.9s)
browser	Run npm run test:e2e	2026-10-10T14:59:43.4958320Z   ✓  16 tests/e2e/tsconfig.spec.ts:17:3 › production browser displays captured configuration coverage truthfully in Chinese and English (3.5s)
browser	Run npm run test:e2e	2026-10-10T14:59:47.6409709Z   ✓  17 tests/e2e/tsconfig.spec.ts:17:3 › production browser displays unrecorded legacy configuration coverage truthfully in Chinese and English (4.1s)
browser	Run npm run test:e2e	2026-10-10T14:59:47.6936939Z 
browser	Run npm run test:e2e	2026-10-10T14:59:47.6942326Z 
browser	Run npm run test:e2e	2026-10-10T14:59:47.6953324Z   1) tests/e2e/agent-chat.spec.ts:26:1 › actual disconnected provider shows conversation shell and retains failed input; source and advanced controls are opt-in 
browser	Run npm run test:e2e	2026-10-10T14:59:47.6954751Z 
browser	Run npm run test:e2e	2026-10-10T14:59:47.6955075Z     Error: expect(locator).toBeVisible() failed
browser	Run npm run test:e2e	2026-10-10T14:59:47.6955475Z 
browser	Run npm run test:e2e	2026-10-10T14:59:47.6955898Z     Locator: getByRole('button', { name: 'Create group', exact: true })
browser	Run npm run test:e2e	2026-10-10T14:59:47.6956613Z     Expected: visible
browser	Run npm run test:e2e	2026-10-10T14:59:47.6957021Z     Timeout: 10000ms
browser	Run npm run test:e2e	2026-10-10T14:59:47.6957486Z     Error: element(s) not found
browser	Run npm run test:e2e	2026-10-10T14:59:47.6957802Z 
browser	Run npm run test:e2e	2026-10-10T14:59:47.6957959Z     Call log:
browser	Run npm run test:e2e	2026-10-10T14:59:47.6958832Z       - Expect "toBeVisible" getByRole('button', { name: 'Create group', exact: true }) with timeout 10000ms
browser	Run npm run test:e2e	2026-10-10T14:59:47.6960064Z       - waiting for getByRole('button', { name: 'Create group', exact: true })
browser	Run npm run test:e2e	2026-10-10T14:59:47.6960672Z 
browser	Run npm run test:e2e	2026-10-10T14:59:47.6960689Z 
browser	Run npm run test:e2e	2026-10-10T14:59:47.6960881Z       125 |     await expect(
browser	Run npm run test:e2e	2026-10-10T14:59:47.6961658Z       126 |       page.getByRole("button", { name: "Create group", exact: true }),
browser	Run npm run test:e2e	2026-10-10T14:59:47.6962467Z     > 127 |     ).toBeVisible();
browser	Run npm run test:e2e	2026-10-10T14:59:47.6962916Z           |       ^
browser	Run npm run test:e2e	2026-10-10T14:59:47.6963300Z       128 |     await page
browser	Run npm run test:e2e	2026-10-10T14:59:47.6964293Z       129 |       .getByRole("button", { name: "Advanced controls", exact: true })
browser	Run npm run test:e2e	2026-10-10T14:59:47.6965017Z       130 |       .click();
browser	Run npm run test:e2e	2026-10-10T14:59:47.6965800Z         at /home/runner/work/AtlasMode/AtlasMode/tests/e2e/agent-chat.spec.ts:127:7
browser	Run npm run test:e2e	2026-10-10T14:59:47.6966436Z 
browser	Run npm run test:e2e	2026-10-10T14:59:47.6967304Z     attachment #1: screenshot (image/png) ──────────────────────────────────────────────────────────
browser	Run npm run test:e2e	2026-10-10T14:59:47.6968773Z     artifacts/e2e/results/agent-chat-actual-disconne-a670a-dvanced-controls-are-opt-in/test-failed-1.png
browser	Run npm run test:e2e	2026-10-10T14:59:47.6970392Z     ────────────────────────────────────────────────────────────────────────────────────────────────
browser	Run npm run test:e2e	2026-10-10T14:59:47.6970987Z 
browser	Run npm run test:e2e	2026-10-10T14:59:47.6971829Z     Error Context: artifacts/e2e/results/agent-chat-actual-disconne-a670a-dvanced-controls-are-opt-in/error-context.md
browser	Run npm run test:e2e	2026-10-10T14:59:47.6972730Z 
browser	Run npm run test:e2e	2026-10-10T14:59:47.6974699Z     attachment #3: trace (application/zip) ─────────────────────────────────────────────────────────
browser	Run npm run test:e2e	2026-10-10T14:59:47.6976077Z     artifacts/e2e/results/agent-chat-actual-disconne-a670a-dvanced-controls-are-opt-in/trace.zip
browser	Run npm run test:e2e	2026-10-10T14:59:47.6979216Z     Usage:
browser	Run npm run test:e2e	2026-10-10T14:59:47.6979416Z 
browser	Run npm run test:e2e	2026-10-10T14:59:47.6980321Z         npx playwright show-trace artifacts/e2e/results/agent-chat-actual-disconne-a670a-dvanced-controls-are-opt-in/trace.zip
browser	Run npm run test:e2e	2026-10-10T14:59:47.6981226Z 
browser	Run npm run test:e2e	2026-10-10T14:59:47.6981978Z     ────────────────────────────────────────────────────────────────────────────────────────────────
browser	Run npm run test:e2e	2026-10-10T14:59:47.6982539Z 
browser	Run npm run test:e2e	2026-10-10T14:59:47.6984148Z   2) tests/e2e/graph-inspection.spec.ts:43:1 › inspection preserves the camera, uniquely previews repeated calls, and funnel dragging survives pages while maps navigate 
browser	Run npm run test:e2e	2026-10-10T14:59:47.6985327Z 
browser	Run npm run test:e2e	2026-10-10T14:59:47.6985714Z     TimeoutError: locator.click: Timeout 15000ms exceeded.
browser	Run npm run test:e2e	2026-10-10T14:59:47.6986338Z     Call log:
browser	Run npm run test:e2e	2026-10-10T14:59:47.6987179Z       - waiting for getByRole('complementary', { name: 'Map of the loaded graph' }).locator('svg')
browser	Run npm run test:e2e	2026-10-10T14:59:47.6989849Z         - locator resolved to <svg role="img" width="420" height="168" class="react-flow__minimap-svg" aria-labelledby="react-flow__minimap-desc-1" viewBox="-380.17857142857144 -774.0050475261127 4315.357142857143 1786.3571428571431">…</svg>
browser	Run npm run test:e2e	2026-10-10T14:59:47.6991584Z       - attempting click action
browser	Run npm run test:e2e	2026-10-10T14:59:47.6992337Z         2 × waiting for element to be visible, enabled and stable
browser	Run npm run test:e2e	2026-10-10T14:59:47.6993040Z           - element is visible, enabled and stable
browser	Run npm run test:e2e	2026-10-10T14:59:47.6993875Z           - scrolling into view if needed
browser	Run npm run test:e2e	2026-10-10T14:59:47.6994873Z           - done scrolling
browser	Run npm run test:e2e	2026-10-10T14:59:47.6996378Z           - <pre class="signature">export function selected()</pre> from <div class="inspection-overlay dock-side">…</div> subtree intercepts pointer events
browser	Run npm run test:e2e	2026-10-10T14:59:47.6997692Z         - retrying click action
browser	Run npm run test:e2e	2026-10-10T14:59:47.6998172Z         - waiting 20ms
browser	Run npm run test:e2e	2026-10-10T14:59:47.6998771Z         - waiting for element to be visible, enabled and stable
browser	Run npm run test:e2e	2026-10-10T14:59:47.6999454Z         - element is visible, enabled and stable
browser	Run npm run test:e2e	2026-10-10T14:59:47.7000037Z         - scrolling into view if needed
browser	Run npm run test:e2e	2026-10-10T14:59:47.7000509Z         - done scrolling
browser	Run npm run test:e2e	2026-10-10T14:59:47.7001787Z         - <div class="inspection-body">…</div> from <div class="inspection-overlay dock-side">…</div> subtree intercepts pointer events
browser	Run npm run test:e2e	2026-10-10T14:59:47.7002814Z       - retrying click action
browser	Run npm run test:e2e	2026-10-10T14:59:47.7003234Z         - waiting 100ms
browser	Run npm run test:e2e	2026-10-10T14:59:47.7004037Z         - waiting for element to be visible, enabled and stable
browser	Run npm run test:e2e	2026-10-10T14:59:47.7004687Z         - element is visible, enabled and stable
browser	Run npm run test:e2e	2026-10-10T14:59:47.7005348Z         - scrolling into view if needed
browser	Run npm run test:e2e	2026-10-10T14:59:47.7005860Z         - done scrolling
browser	Run npm run test:e2e	2026-10-10T14:59:47.7006821Z         - <div role="status" class="funnel-summary">…</div> intercepts pointer events
browser	Run npm run test:e2e	2026-10-10T14:59:47.7007602Z       - retrying click action
browser	Run npm run test:e2e	2026-10-10T14:59:47.7008084Z         - waiting 100ms
browser	Run npm run test:e2e	2026-10-10T14:59:47.7008716Z         7 × waiting for element to be visible, enabled and stable
browser	Run npm run test:e2e	2026-10-10T14:59:47.7009486Z           - element is visible, enabled and stable
browser	Run npm run test:e2e	2026-10-10T14:59:47.7010155Z           - scrolling into view if needed
browser	Run npm run test:e2e	2026-10-10T14:59:47.7010714Z           - done scrolling
browser	Run npm run test:e2e	2026-10-10T14:59:47.7012204Z           - <pre class="signature">export function selected()</pre> from <div class="inspection-overlay dock-side">…</div> subtree intercepts pointer events
browser	Run npm run test:e2e	2026-10-10T14:59:47.7013366Z         - retrying click action
browser	Run npm run test:e2e	2026-10-10T14:59:47.7014049Z           - waiting 500ms
browser	Run npm run test:e2e	2026-10-10T14:59:47.7014625Z           - waiting for element to be visible, enabled and stable
browser	Run npm run test:e2e	2026-10-10T14:59:47.7015275Z           - element is visible, enabled and stable
browser	Run npm run test:e2e	2026-10-10T14:59:47.7015826Z           - scrolling into view if needed
browser	Run npm run test:e2e	2026-10-10T14:59:47.7016277Z           - done scrolling
browser	Run npm run test:e2e	2026-10-10T14:59:47.7017632Z           - <pre class="signature">export function selected()</pre> from <div class="inspection-overlay dock-side">…</div> subtree intercepts pointer events
browser	Run npm run test:e2e	2026-10-10T14:59:47.7018687Z         - retrying click action
browser	Run npm run test:e2e	2026-10-10T14:59:47.7019348Z           - waiting 500ms
browser	Run npm run test:e2e	2026-10-10T14:59:47.7019957Z           - waiting for element to be visible, enabled and stable
browser	Run npm run test:e2e	2026-10-10T14:59:47.7020603Z           - element is visible, enabled and stable
browser	Run npm run test:e2e	2026-10-10T14:59:47.7021323Z           - scrolling into view if needed
browser	Run npm run test:e2e	2026-10-10T14:59:47.7021906Z           - done scrolling
browser	Run npm run test:e2e	2026-10-10T14:59:47.7023337Z           - <div class="inspection-body">…</div> from <div class="inspection-overlay dock-side">…</div> subtree intercepts pointer events
browser	Run npm run test:e2e	2026-10-10T14:59:47.7024796Z         - retrying click action
browser	Run npm run test:e2e	2026-10-10T14:59:47.7025353Z           - waiting 500ms
browser	Run npm run test:e2e	2026-10-10T14:59:47.7026107Z           - waiting for element to be visible, enabled and stable
browser	Run npm run test:e2e	2026-10-10T14:59:47.7026955Z           - element is visible, enabled and stable
browser	Run npm run test:e2e	2026-10-10T14:59:47.7027772Z           - scrolling into view if needed
browser	Run npm run test:e2e	2026-10-10T14:59:47.7028395Z           - done scrolling
browser	Run npm run test:e2e	2026-10-10T14:59:47.7029294Z           - <div role="status" class="funnel-summary">…</div> intercepts pointer events
browser	Run npm run test:e2e	2026-10-10T14:59:47.7030278Z         - retrying click action
browser	Run npm run test:e2e	2026-10-10T14:59:47.7030799Z           - waiting 500ms
browser	Run npm run test:e2e	2026-10-10T14:59:47.7044134Z         - waiting for element to be visible, enabled and stable
browser	Run npm run test:e2e	2026-10-10T14:59:47.7044921Z         - element is visible, enabled and stable
browser	Run npm run test:e2e	2026-10-10T14:59:47.7045628Z         - scrolling into view if needed
browser	Run npm run test:e2e	2026-10-10T14:59:47.7046135Z         - done scrolling
browser	Run npm run test:e2e	2026-10-10T14:59:47.7047606Z         - <pre class="signature">export function selected()</pre> from <div class="inspection-overlay dock-side">…</div> subtree intercepts pointer events
browser	Run npm run test:e2e	2026-10-10T14:59:47.7049212Z       - retrying click action
browser	Run npm run test:e2e	2026-10-10T14:59:47.7049684Z         - waiting 500ms
browser	Run npm run test:e2e	2026-10-10T14:59:47.7049978Z 
browser	Run npm run test:e2e	2026-10-10T14:59:47.7049993Z 
browser	Run npm run test:e2e	2026-10-10T14:59:47.7050362Z       240 |       .poll(() => page.locator(".react-flow__viewport").getAttribute("style"))
browser	Run npm run test:e2e	2026-10-10T14:59:47.7050894Z       241 |       .not.toBe(beforeWheel);
browser	Run npm run test:e2e	2026-10-10T14:59:47.7051366Z     > 242 |     await svg.click({
browser	Run npm run test:e2e	2026-10-10T14:59:47.7051654Z           |               ^
browser	Run npm run test:e2e	2026-10-10T14:59:47.7052069Z       243 |       position: { x: svgBox!.width * 0.75, y: svgBox!.height * 0.5 },
browser	Run npm run test:e2e	2026-10-10T14:59:47.7052450Z       244 |     });
browser	Run npm run test:e2e	2026-10-10T14:59:47.7052780Z       245 |     await expect(map).toContainText("Currently loaded");
browser	Run npm run test:e2e	2026-10-10T14:59:47.7053356Z         at /home/runner/work/AtlasMode/AtlasMode/tests/e2e/graph-inspection.spec.ts:242:15
browser	Run npm run test:e2e	2026-10-10T14:59:47.7054023Z 
browser	Run npm run test:e2e	2026-10-10T14:59:47.7054521Z     attachment #1: screenshot (image/png) ──────────────────────────────────────────────────────────
browser	Run npm run test:e2e	2026-10-10T14:59:47.7055308Z     artifacts/e2e/results/graph-inspection-inspectio-63d93-s-pages-while-maps-navigate/test-failed-1.png
browser	Run npm run test:e2e	2026-10-10T14:59:47.7056134Z     ────────────────────────────────────────────────────────────────────────────────────────────────
browser	Run npm run test:e2e	2026-10-10T14:59:47.7056438Z 
browser	Run npm run test:e2e	2026-10-10T14:59:47.7056902Z     Error Context: artifacts/e2e/results/graph-inspection-inspectio-63d93-s-pages-while-maps-navigate/error-context.md
browser	Run npm run test:e2e	2026-10-10T14:59:47.7057437Z 
browser	Run npm run test:e2e	2026-10-10T14:59:47.7057855Z     attachment #3: trace (application/zip) ─────────────────────────────────────────────────────────
browser	Run npm run test:e2e	2026-10-10T14:59:47.7058603Z     artifacts/e2e/results/graph-inspection-inspectio-63d93-s-pages-while-maps-navigate/trace.zip
browser	Run npm run test:e2e	2026-10-10T14:59:47.7059097Z     Usage:
browser	Run npm run test:e2e	2026-10-10T14:59:47.7059220Z 
browser	Run npm run test:e2e	2026-10-10T14:59:47.7059704Z         npx playwright show-trace artifacts/e2e/results/graph-inspection-inspectio-63d93-s-pages-while-maps-navigate/trace.zip
browser	Run npm run test:e2e	2026-10-10T14:59:47.7060235Z 
browser	Run npm run test:e2e	2026-10-10T14:59:47.7060608Z     ────────────────────────────────────────────────────────────────────────────────────────────────
browser	Run npm run test:e2e	2026-10-10T14:59:47.7060912Z 
browser	Run npm run test:e2e	2026-10-10T14:59:47.7061531Z   3) tests/e2e/planning.spec.mjs:18:1 › production UI and SDK share the complete planning, approval, persistence and verification flow offline 
browser	Run npm run test:e2e	2026-10-10T14:59:47.7062061Z 
browser	Run npm run test:e2e	2026-10-10T14:59:47.7062251Z     TimeoutError: locator.fill: Timeout 15000ms exceeded.
browser	Run npm run test:e2e	2026-10-10T14:59:47.7062782Z     Call log:
browser	Run npm run test:e2e	2026-10-10T14:59:47.7063103Z       - waiting for getByLabel('Group title', { exact: true })
browser	Run npm run test:e2e	2026-10-10T14:59:47.7063357Z 
browser	Run npm run test:e2e	2026-10-10T14:59:47.7063370Z 
browser	Run npm run test:e2e	2026-10-10T14:59:47.7063694Z       225 |     await page
browser	Run npm run test:e2e	2026-10-10T14:59:47.7064049Z       226 |       .getByLabel("Group title", { exact: true })
browser	Run npm run test:e2e	2026-10-10T14:59:47.7064415Z     > 227 |       .fill("Shared membership");
browser	Run npm run test:e2e	2026-10-10T14:59:47.7064697Z           |        ^
browser	Run npm run test:e2e	2026-10-10T14:59:47.7065415Z       228 |     await page.getByText("Selected members (0)", { exact: true }).click();
browser	Run npm run test:e2e	2026-10-10T14:59:47.7066268Z       229 |     await page.getByRole("checkbox", { name: /requestWithRetry/ }).check();
browser	Run npm run test:e2e	2026-10-10T14:59:47.7066905Z       230 |     await page
browser	Run npm run test:e2e	2026-10-10T14:59:47.7067619Z         at /home/runner/work/AtlasMode/AtlasMode/tests/e2e/planning.spec.mjs:227:8
browser	Run npm run test:e2e	2026-10-10T14:59:47.7068177Z 
browser	Run npm run test:e2e	2026-10-10T14:59:47.7068920Z     attachment #2: screenshot (image/png) ──────────────────────────────────────────────────────────
browser	Run npm run test:e2e	2026-10-10T14:59:47.7070223Z     artifacts/e2e/results/planning-production-UI-and-0ffc9-d-verification-flow-offline/test-failed-1.png
browser	Run npm run test:e2e	2026-10-10T14:59:47.7071577Z     ────────────────────────────────────────────────────────────────────────────────────────────────
browser	Run npm run test:e2e	2026-10-10T14:59:47.7072040Z 
browser	Run npm run test:e2e	2026-10-10T14:59:47.7072817Z     Error Context: artifacts/e2e/results/planning-production-UI-and-0ffc9-d-verification-flow-offline/error-context.md
browser	Run npm run test:e2e	2026-10-10T14:59:47.7073854Z 
browser	Run npm run test:e2e	2026-10-10T14:59:47.7074539Z     attachment #4: trace (application/zip) ─────────────────────────────────────────────────────────
browser	Run npm run test:e2e	2026-10-10T14:59:47.7075689Z     artifacts/e2e/results/planning-production-UI-and-0ffc9-d-verification-flow-offline/trace.zip
browser	Run npm run test:e2e	2026-10-10T14:59:47.7076496Z     Usage:
browser	Run npm run test:e2e	2026-10-10T14:59:47.7076669Z 
browser	Run npm run test:e2e	2026-10-10T14:59:47.7077466Z         npx playwright show-trace artifacts/e2e/results/planning-production-UI-and-0ffc9-d-verification-flow-offline/trace.zip
browser	Run npm run test:e2e	2026-10-10T14:59:47.7078326Z 
browser	Run npm run test:e2e	2026-10-10T14:59:47.7078921Z     ────────────────────────────────────────────────────────────────────────────────────────────────
browser	Run npm run test:e2e	2026-10-10T14:59:47.7079384Z 
browser	Run npm run test:e2e	2026-10-10T14:59:47.7079514Z   3 failed
browser	Run npm run test:e2e	2026-10-10T14:59:47.7080825Z     tests/e2e/agent-chat.spec.ts:26:1 › actual disconnected provider shows conversation shell and retains failed input; source and advanced controls are opt-in 
browser	Run npm run test:e2e	2026-10-10T14:59:47.7083135Z     tests/e2e/graph-inspection.spec.ts:43:1 › inspection preserves the camera, uniquely previews repeated calls, and funnel dragging survives pages while maps navigate 
browser	Run npm run test:e2e	2026-10-10T14:59:47.7085548Z     tests/e2e/planning.spec.mjs:18:1 › production UI and SDK share the complete planning, approval, persistence and verification flow offline 
browser	Run npm run test:e2e	2026-10-10T14:59:47.7086632Z   14 passed (1.9m)
browser	Run npm run test:e2e	2026-10-10T14:59:47.7402363Z ##[error]Process completed with exit code 1.
