
> atlasmode@0.1.0 test:e2e
> playwright test


Running 19 tests using 1 worker

  ✓   1 tests/e2e/agent-chat.spec.ts:26:1 › actual disconnected provider shows conversation shell and retains failed input; source and advanced controls are opt-in (2.8s)
  ✓   2 tests/e2e/agent-chat.spec.ts:182:1 › labeled trusted test adapter streams through real bridge, journals drafts, focuses changes, cancels partial work and isolates projects (4.8s)
  ✓   3 tests/e2e/breadcrumb-navigation.spec.ts:33:1 › breadcrumbs navigate function, indexed file, folders, root and truthful planned paths, superseding stale scope responses (9.8s)
  ✘   4 tests/e2e/commonjs.spec.ts:22:3 › production browser displays captured package coverage truthfully in Chinese and English (2.9s)
  ✘   5 tests/e2e/commonjs.spec.ts:22:3 › production browser displays unrecorded legacy package coverage truthfully in Chinese and English (3.8s)
  ✘   6 tests/e2e/commonjs.spec.ts:221:1 › recorded zero manifests is distinct from unrecorded coverage (1.5s)
  ✓   7 tests/e2e/direct-api.spec.ts:14:1 › Responses API fixture through real browser send, streamed draft and cancel (3.9s)
  ✓   8 tests/e2e/first-use.spec.ts:10:1 › first use offers an offline path and preserves optional AI drafts through disclosure (5.7s)
  ✓   9 tests/e2e/focus-navigation.spec.ts:35:1 › high-degree function and file funnels keep readable neighbor windows with truthful totals and restore overview (5.8s)
  ✓  10 tests/e2e/focus-navigation.spec.ts:204:1 › semantic creation after overview and multi-change plan choice fit their affected cards (3.5s)
  ✓  11 tests/e2e/focus-navigation.spec.ts:406:1 › double-click builds an animated directional funnel, restores overview and honors reduced motion for file dependencies (3.2s)
  ✓  12 tests/e2e/forwarding.spec.ts:21:1 › production browser follows a two-hop entry to the real leaf, preserves authored source in both languages and exposes unsafe forwarding reason (3.5s)
{"viewportWidth":1900,"canvasWidth":1190,"capturedDock":"inspection-overlay dock-side","panelsFit":true,"navigation":"zoom, drag, wheel, key pan, click changed camera"}
{"viewportWidth":1600,"canvasWidth":930,"capturedDock":"inspection-overlay dock-side","panelsFit":true,"navigation":"zoom, drag, wheel, key pan, click changed camera"}
  ✓  13 tests/e2e/graph-inspection.spec.ts:43:1 › inspection preserves the camera, uniquely previews repeated calls, and funnel dragging survives pages while maps navigate (10.2s)
  ✓  14 tests/e2e/groups-collapse.spec.ts:17:1 › group collapse preserves shared function aliases, true external call endpoints, layout and view across owned restart (8.2s)
  ✓  15 tests/e2e/groups.spec.ts:17:1 › circle groups edit cross-directory shared functions and persist across owned-server restart without changing source (4.8s)
  ✓  16 tests/e2e/pending-plans.spec.ts:11:1 › 待审入口打开实际变更，选择改动与显式批准分别生效 (2.9s)
{"requestedRelation":"plan:new-call","clickedRoute":{"x":672.3078819538932,"y":343.609326839447,"visualRoute":"rf__edge-plan:new-call"}}
{"requestedRelation":"fact:relation:d1a0c7bdac4cb97a93a0f695205b933b","clickedRoute":{"x":972.4308697181241,"y":258.5739788824079,"visualRoute":"rf__edge-group-edge:fact:relation:d1a0c7bdac4cb97a93a0f695205b933b:0"}}
  ✓  17 tests/e2e/planning.spec.mjs:18:1 › production UI and SDK share the complete planning, approval, persistence and verification flow offline (14.4s)
  ✘  18 tests/e2e/tsconfig.spec.ts:17:3 › production browser displays captured configuration coverage truthfully in Chinese and English (2.9s)
  ✘  19 tests/e2e/tsconfig.spec.ts:17:3 › production browser displays unrecorded legacy configuration coverage truthfully in Chinese and English (3.7s)


  1) tests/e2e/commonjs.spec.ts:22:3 › production browser displays captured package coverage truthfully in Chinese and English 

    Error: locator.click: Error: strict mode violation: locator('.navigation details').filter({ has: locator('summary').filter({ hasText: '静态分析诊断' }) }).locator('summary') resolved to 6 elements:
        1) <summary>静态分析诊断 (0)</summary> aka getByText('静态分析诊断 (0)')
        2) <summary>配置项目图</summary> aka getByText('配置项目图')
        3) <summary>…</summary> aka getByText('项目根配置 (0/0)')
        4) <summary>…</summary> aka getByText('已观察项目 (0/0)')
        5) <summary>…</summary> aka getByText('项目引用 (0/0)')
        6) <summary>…</summary> aka getByText('源码归属样本 (5/5)')

    Call log:
      - waiting for locator('.navigation details').filter({ has: locator('summary').filter({ hasText: '静态分析诊断' }) }).locator('summary')


      94 |         .locator(".navigation details")
      95 |         .filter({ has: page.locator("summary", { hasText: "静态分析诊断" }) });
    > 96 |       await diagnostics.locator("summary").click();
         |                                            ^
      97 |       const coverage = diagnostics.getByRole("region", {
      98 |         name: "包配置",
      99 |         exact: true,
        at /tmp/atlas-idx03-clean-20261010-wn3h_oyv/workspace/tests/e2e/commonjs.spec.ts:96:44

    attachment #1: screenshot (image/png) ──────────────────────────────────────────────────────────
    artifacts/e2e/results/commonjs-production-browse-39ad5-ully-in-Chinese-and-English/test-failed-1.png
    ────────────────────────────────────────────────────────────────────────────────────────────────

    Error Context: artifacts/e2e/results/commonjs-production-browse-39ad5-ully-in-Chinese-and-English/error-context.md

    attachment #3: trace (application/zip) ─────────────────────────────────────────────────────────
    artifacts/e2e/results/commonjs-production-browse-39ad5-ully-in-Chinese-and-English/trace.zip
    Usage:

        npx playwright show-trace artifacts/e2e/results/commonjs-production-browse-39ad5-ully-in-Chinese-and-English/trace.zip

    ────────────────────────────────────────────────────────────────────────────────────────────────

  2) tests/e2e/commonjs.spec.ts:22:3 › production browser displays unrecorded legacy package coverage truthfully in Chinese and English 

    Error: locator.click: Error: strict mode violation: locator('.navigation details').filter({ has: locator('summary').filter({ hasText: '静态分析诊断' }) }).locator('summary') resolved to 6 elements:
        1) <summary>静态分析诊断 (0)</summary> aka getByText('静态分析诊断 (0)')
        2) <summary>配置项目图</summary> aka getByText('配置项目图')
        3) <summary>…</summary> aka getByText('项目根配置 (0/0)')
        4) <summary>…</summary> aka getByText('已观察项目 (0/0)')
        5) <summary>…</summary> aka getByText('项目引用 (0/0)')
        6) <summary>…</summary> aka getByText('源码归属样本 (5/5)')

    Call log:
      - waiting for locator('.navigation details').filter({ has: locator('summary').filter({ hasText: '静态分析诊断' }) }).locator('summary')


      94 |         .locator(".navigation details")
      95 |         .filter({ has: page.locator("summary", { hasText: "静态分析诊断" }) });
    > 96 |       await diagnostics.locator("summary").click();
         |                                            ^
      97 |       const coverage = diagnostics.getByRole("region", {
      98 |         name: "包配置",
      99 |         exact: true,
        at /tmp/atlas-idx03-clean-20261010-wn3h_oyv/workspace/tests/e2e/commonjs.spec.ts:96:44

    attachment #1: screenshot (image/png) ──────────────────────────────────────────────────────────
    artifacts/e2e/results/commonjs-production-browse-3768a-ully-in-Chinese-and-English/test-failed-1.png
    ────────────────────────────────────────────────────────────────────────────────────────────────

    Error Context: artifacts/e2e/results/commonjs-production-browse-3768a-ully-in-Chinese-and-English/error-context.md

    attachment #3: trace (application/zip) ─────────────────────────────────────────────────────────
    artifacts/e2e/results/commonjs-production-browse-3768a-ully-in-Chinese-and-English/trace.zip
    Usage:

        npx playwright show-trace artifacts/e2e/results/commonjs-production-browse-3768a-ully-in-Chinese-and-English/trace.zip

    ────────────────────────────────────────────────────────────────────────────────────────────────

  3) tests/e2e/commonjs.spec.ts:221:1 › recorded zero manifests is distinct from unrecorded coverage 

    Error: locator.click: Error: strict mode violation: locator('.navigation details').filter({ has: locator('summary').filter({ hasText: '静态分析诊断' }) }).locator('summary') resolved to 6 elements:
        1) <summary>静态分析诊断 (0)</summary> aka getByText('静态分析诊断 (0)')
        2) <summary>配置项目图</summary> aka getByText('配置项目图')
        3) <summary>…</summary> aka getByText('项目根配置 (0/0)')
        4) <summary>…</summary> aka getByText('已观察项目 (0/0)')
        5) <summary>…</summary> aka getByText('项目引用 (0/0)')
        6) <summary>…</summary> aka getByText('源码归属样本 (1/1)')

    Call log:
      - waiting for locator('.navigation details').filter({ has: locator('summary').filter({ hasText: '静态分析诊断' }) }).locator('summary')


      252 |       .filter({ has: page.locator("summary", { hasText: "静态分析诊断" }) })
      253 |       .locator("summary")
    > 254 |       .click();
          |        ^
      255 |     await expect(
      256 |       page.getByRole("region", { name: "包配置", exact: true }),
      257 |     ).toHaveText("包配置: 0");
        at /tmp/atlas-idx03-clean-20261010-wn3h_oyv/workspace/tests/e2e/commonjs.spec.ts:254:8

    attachment #1: screenshot (image/png) ──────────────────────────────────────────────────────────
    artifacts/e2e/results/commonjs-recorded-zero-man-cede7-ct-from-unrecorded-coverage/test-failed-1.png
    ────────────────────────────────────────────────────────────────────────────────────────────────

    Error Context: artifacts/e2e/results/commonjs-recorded-zero-man-cede7-ct-from-unrecorded-coverage/error-context.md

    attachment #3: trace (application/zip) ─────────────────────────────────────────────────────────
    artifacts/e2e/results/commonjs-recorded-zero-man-cede7-ct-from-unrecorded-coverage/trace.zip
    Usage:

        npx playwright show-trace artifacts/e2e/results/commonjs-recorded-zero-man-cede7-ct-from-unrecorded-coverage/trace.zip

    ────────────────────────────────────────────────────────────────────────────────────────────────

  4) tests/e2e/tsconfig.spec.ts:17:3 › production browser displays captured configuration coverage truthfully in Chinese and English 

    Error: locator.click: Error: strict mode violation: locator('.navigation details').filter({ has: locator('summary').filter({ hasText: '静态分析诊断' }) }).locator('summary') resolved to 6 elements:
        1) <summary>静态分析诊断 (0)</summary> aka getByText('静态分析诊断 (0)')
        2) <summary>配置项目图</summary> aka getByText('配置项目图')
        3) <summary>…</summary> aka getByText('项目根配置 (1/1)')
        4) <summary>…</summary> aka getByText('已观察项目 (1/1)')
        5) <summary>…</summary> aka getByText('项目引用 (0/0)')
        6) <summary>…</summary> aka getByText('源码归属样本 (6/6)')

    Call log:
      - waiting for locator('.navigation details').filter({ has: locator('summary').filter({ hasText: '静态分析诊断' }) }).locator('summary')


      101 |         .locator(".navigation details")
      102 |         .filter({ has: page.locator("summary", { hasText: "静态分析诊断" }) });
    > 103 |       await diagnostics.locator("summary").click();
          |                                            ^
      104 |       const coverage = diagnostics.getByRole("region", {
      105 |         name: "配置输入",
      106 |         exact: true,
        at /tmp/atlas-idx03-clean-20261010-wn3h_oyv/workspace/tests/e2e/tsconfig.spec.ts:103:44

    attachment #1: screenshot (image/png) ──────────────────────────────────────────────────────────
    artifacts/e2e/results/tsconfig-production-browse-5fae5-ully-in-Chinese-and-English/test-failed-1.png
    ────────────────────────────────────────────────────────────────────────────────────────────────

    Error Context: artifacts/e2e/results/tsconfig-production-browse-5fae5-ully-in-Chinese-and-English/error-context.md

    attachment #3: trace (application/zip) ─────────────────────────────────────────────────────────
    artifacts/e2e/results/tsconfig-production-browse-5fae5-ully-in-Chinese-and-English/trace.zip
    Usage:

        npx playwright show-trace artifacts/e2e/results/tsconfig-production-browse-5fae5-ully-in-Chinese-and-English/trace.zip

    ────────────────────────────────────────────────────────────────────────────────────────────────

  5) tests/e2e/tsconfig.spec.ts:17:3 › production browser displays unrecorded legacy configuration coverage truthfully in Chinese and English 

    Error: locator.click: Error: strict mode violation: locator('.navigation details').filter({ has: locator('summary').filter({ hasText: '静态分析诊断' }) }).locator('summary') resolved to 6 elements:
        1) <summary>静态分析诊断 (0)</summary> aka getByText('静态分析诊断 (0)')
        2) <summary>配置项目图</summary> aka getByText('配置项目图')
        3) <summary>…</summary> aka getByText('项目根配置 (1/1)')
        4) <summary>…</summary> aka getByText('已观察项目 (1/1)')
        5) <summary>…</summary> aka getByText('项目引用 (0/0)')
        6) <summary>…</summary> aka getByText('源码归属样本 (6/6)')

    Call log:
      - waiting for locator('.navigation details').filter({ has: locator('summary').filter({ hasText: '静态分析诊断' }) }).locator('summary')


      101 |         .locator(".navigation details")
      102 |         .filter({ has: page.locator("summary", { hasText: "静态分析诊断" }) });
    > 103 |       await diagnostics.locator("summary").click();
          |                                            ^
      104 |       const coverage = diagnostics.getByRole("region", {
      105 |         name: "配置输入",
      106 |         exact: true,
        at /tmp/atlas-idx03-clean-20261010-wn3h_oyv/workspace/tests/e2e/tsconfig.spec.ts:103:44

    attachment #1: screenshot (image/png) ──────────────────────────────────────────────────────────
    artifacts/e2e/results/tsconfig-production-browse-6d832-ully-in-Chinese-and-English/test-failed-1.png
    ────────────────────────────────────────────────────────────────────────────────────────────────

    Error Context: artifacts/e2e/results/tsconfig-production-browse-6d832-ully-in-Chinese-and-English/error-context.md

    attachment #3: trace (application/zip) ─────────────────────────────────────────────────────────
    artifacts/e2e/results/tsconfig-production-browse-6d832-ully-in-Chinese-and-English/trace.zip
    Usage:

        npx playwright show-trace artifacts/e2e/results/tsconfig-production-browse-6d832-ully-in-Chinese-and-English/trace.zip

    ────────────────────────────────────────────────────────────────────────────────────────────────

  5 failed
    tests/e2e/commonjs.spec.ts:22:3 › production browser displays captured package coverage truthfully in Chinese and English 
    tests/e2e/commonjs.spec.ts:22:3 › production browser displays unrecorded legacy package coverage truthfully in Chinese and English 
    tests/e2e/commonjs.spec.ts:221:1 › recorded zero manifests is distinct from unrecorded coverage 
    tests/e2e/tsconfig.spec.ts:17:3 › production browser displays captured configuration coverage truthfully in Chinese and English 
    tests/e2e/tsconfig.spec.ts:17:3 › production browser displays unrecorded legacy configuration coverage truthfully in Chinese and English 
  14 passed (1.7m)
