
[1m[30m[46m RUN [49m[39m[22m [36mv4.1.11 [39m[90m/home/agent/projects/AtlasMode[39m

 [31m❯[39m apps/web/src/features/groups/GroupsPanel.test.tsx [2m([22m[2m2 tests[22m[2m | [22m[31m1 failed[39m[2m)[22m[32m 43[2mms[22m[39m
[31m   [31m×[31m ignores missing bindings from an older snapshot so recovered members can be saved[39m[32m 38[2mms[22m[39m
   [32m✓[39m retains current missing member ID and requires explicit removal before saving[32m 3[2mms[22m[39m

[31m⎯⎯⎯⎯⎯⎯⎯[39m[1m[41m Failed Tests 1 [49m[22m[31m⎯⎯⎯⎯⎯⎯⎯[39m

[41m[1m FAIL [22m[49m apps/web/src/features/groups/GroupsPanel.test.tsx[2m > [22mignores missing bindings from an older snapshot so recovered members can be saved
[31m[1mAssertionError[22m: expected '<section class="knowledge-panel"><h2>…' not to contain 'disabled="">Save group</button>'[39m

Expected: [32m"[7mdisabled="">Save group</butt[27mon>"[39m
Received: [31m"[7m<section class="knowledge-panel"><h2>Function groups</h2><p class="muted">Select fact functions below. A function can belong to multiple groups; source files stay in place.</p><p class="muted">Changing groups or directory policies creates a new revision for every plan in this project and requires renewed confirmation.</p><form><fieldset><h3>Edit group</h3><label>Group title<input required="" value="g"/></label><label>Group design / description<textarea></textarea></label><button type="button" disabled="">Add selected functions to group</button><p class="muted">Selected members: 1</p><ul class="group-members draft-members"><li class="draft-member"><span>Recovered function<code>a.ts</code><span class="warning">Missing function; remove explicitly before saving</span></span><button type="button" aria-label="Remove member">Remove member</button></li></ul><details><summary>Choose loaded functions</summary><div class="member-choices"><label class="check-row"><input type="checkbox" checked=""/><span>Recovered function<small>a.ts</small></span></label></div></details><div class="button-row"><button disabled="">Save group</button><button type="button">Cancel</button></div></fieldset></form><p>No groups yet</p></secti[27mon>"[39m

[36m [2m❯[22m apps/web/src/features/groups/GroupsPanel.test.tsx:[2m12:44[22m[39m
    [90m 10|[39m }
    [90m 11|[39m it("ignores missing bindings from an older snapshot so recovered membe…
    [90m 12|[39m  const html=render("old");expect(html).not.toContain('disabled="">Save…
    [90m   |[39m                                            [31m^[39m
    [90m 13|[39m })[33m;[39m
    [90m 14|[39m it("retains current missing member ID and requires explicit removal be…

[31m[2m⎯⎯⎯⎯⎯⎯⎯⎯⎯⎯⎯⎯⎯⎯⎯⎯⎯⎯⎯⎯⎯⎯⎯⎯[1/1]⎯[22m[39m


[2m Test Files [22m [1m[31m1 failed[39m[22m[90m (1)[39m
[2m      Tests [22m [1m[31m1 failed[39m[22m[2m | [22m[1m[32m1 passed[39m[22m[90m (2)[39m
[2m   Start at [22m 14:44:12
[2m   Duration [22m 644ms[2m (transform 289ms, setup 0ms, import 382ms, tests 43ms, environment 0ms)[22m

