
[1m[30m[46m RUN [49m[39m[22m [36mv4.1.11 [39m[90m/home/agent/projects/AtlasMode[39m

 [32m✓[39m packages/indexer/src/configCapture.test.ts [2m([22m[2m25 tests[22m[2m)[22m[33m 1843[2mms[22m[39m
     [33m[2m✓[22m[39m enforces the 512 file limit for 512 eligible seeds [33m 709[2mms[22m[39m
     [33m[2m✓[22m[39m enforces the 512 file limit for 513 eligible seeds [33m 692[2mms[22m[39m
 [32m✓[39m packages/indexer/src/packageCapture.test.ts [2m([22m[2m24 tests[22m[2m)[22m[33m 1907[2mms[22m[39m
     [33m[2m✓[22m[39m enforces count boundary with 512 files [33m 697[2mms[22m[39m
     [33m[2m✓[22m[39m enforces count boundary with 513 files [33m 680[2mms[22m[39m
 [32m✓[39m packages/indexer/src/projectReferencesResolution.test.ts [2m([22m[2m15 tests[22m[2m)[22m[33m 636[2mms[22m[39m
 [32m✓[39m packages/indexer/src/index.test.ts [2m([22m[2m54 tests[22m[2m)[22m[33m 3597[2mms[22m[39m
 [32m✓[39m packages/indexer/src/commonjs.test.ts [2m([22m[2m183 tests[22m[2m)[22m[33m 2063[2mms[22m[39m
 [32m✓[39m packages/indexer/src/workspaceResolution.test.ts [2m([22m[2m44 tests[22m[2m)[22m[33m 629[2mms[22m[39m
 [32m✓[39m packages/indexer/src/idx01.test.ts [2m([22m[2m17 tests[22m[2m)[22m[33m 390[2mms[22m[39m
 [32m✓[39m packages/indexer/src/projectReferencesCapture.test.ts [2m([22m[2m24 tests[22m[2m)[22m[32m 157[2mms[22m[39m
 [32m✓[39m packages/indexer/src/packageMode.test.ts [2m([22m[2m13 tests[22m[2m)[22m[32m 7[2mms[22m[39m
 [31m❯[39m packages/indexer/src/configResolution.test.ts [2m([22m[2m31 tests[22m[2m | [22m[31m1 failed[39m[2m)[22m[32m 285[2mms[22m[39m
     [32m✓[39m binds JSONC inherited paths and baseUrl to captured declarations[32m 69[2mms[22m[39m
     [32m✓[39m isolates identical aliases in nested projects and re-export/default/namespace declarations[32m 22[2mms[22m[39m
     [32m✓[39m resolves inherited paths without baseUrl relative to their declaration[32m 9[2mms[22m[39m
     [32m✓[39m applies ordered arrays of extends with the last parent taking precedence[32m 9[2mms[22m[39m
     [32m✓[39m applies only parsed root-file membership: {"files":["yes.ts"]}[32m 9[2mms[22m[39m
     [32m✓[39m applies only parsed root-file membership: {"include":["yes.ts"],"exclude":["no.ts"]}[32m 15[2mms[22m[39m
     [32m✓[39m applies only parsed root-file membership: {"include":["*.ts"],"exclude":["no.ts"]}[32m 10[2mms[22m[39m
     [32m✓[39m honors allowJs=false for ownership while still extracting JS[32m 7[2mms[22m[39m
     [32m✓[39m honors allowJs=true for ownership while still extracting JS[32m 5[2mms[22m[39m
     [32m✓[39m blocks ancestor fallback after an invalid or excluding nearest config: "{ invalid"[32m 8[2mms[22m[39m
     [32m✓[39m blocks ancestor fallback after an invalid or excluding nearest config: {"compilerOptions":{"baseUrl":".","paths":{"@lib/*":["lib/*"]}},"files":[]}[32m 6[2mms[22m[39m
     [32m✓[39m blocks ancestor fallback after an invalid or excluding nearest config: {"compilerOptions":{"baseUrl":7}}[32m 6[2mms[22m[39m
     [32m✓[39m treats an opaque ignored nearest configuration as a scope barrier[32m 5[2mms[22m[39m
     [32m✓[39m treats an opaque symlinked nearest configuration as a scope barrier[32m 5[2mms[22m[39m
     [32m✓[39m treats an opaque unreadable nearest configuration as a scope barrier[32m 5[2mms[22m[39m
     [32m✓[39m treats an opaque budget nearest configuration as a scope barrier[32m 7[2mms[22m[39m
[31m     [31m×[31m does not guess named configuration ownership or expand project references[39m[32m 21[2mms[22m[39m
     [32m✓[39m keeps unavailable paths target missing/* imports and calls unknown, bare packages external[32m 6[2mms[22m[39m
     [32m✓[39m keeps unavailable paths target ../outside/* imports and calls unknown, bare packages external[32m 6[2mms[22m[39m
     [32m✓[39m keeps unavailable paths target node_modules/ignored/* imports and calls unknown, bare packages external[32m 6[2mms[22m[39m
     [32m✓[39m keeps unavailable paths target linked/* imports and calls unknown, bare packages external[32m 5[2mms[22m[39m
     [32m✓[39m independently validates 16 inheritance levels even when every member is captured[32m 12[2mms[22m[39m
     [32m✓[39m independently validates 17 inheritance levels even when every member is captured[32m 3[2mms[22m[39m
     [32m✓[39m rejects the whole inherited chain without partial options: {"tsconfig.base.json":{"extends":"./tsconfig.json"}}[32m 3[2mms[22m[39m
     [32m✓[39m rejects the whole inherited chain without partial options: {"tsconfig.base.json":{"extends":"./missing.json"}}[32m 3[2mms[22m[39m
     [32m✓[39m rejects the whole inherited chain without partial options: {"tsconfig.base.json":{"extends":"package"}}[32m 3[2mms[22m[39m
     [32m✓[39m rejects the whole inherited chain without partial options: {"tsconfig.base.json":{"extends":"../outside.json"}}[32m 2[2mms[22m[39m
     [32m✓[39m rejects the whole inherited chain without partial options: {"tsconfig.base.json":"{ invalid"}[32m 2[2mms[22m[39m
     [32m✓[39m does not apply a captured parent that also has rejected-input evidence[32m 3[2mms[22m[39m
     [32m✓[39m does not clamp an escaping baseUrl back into the captured repository[32m 5[2mms[22m[39m
     [32m✓[39m supports baseUrl-only imports and never turns ambient declarations into implementations[32m 6[2mms[22m[39m
 [32m✓[39m packages/indexer/src/declarations.test.ts [2m([22m[2m2 tests[22m[2m)[22m[32m 170[2mms[22m[39m

[31m⎯⎯⎯⎯⎯⎯⎯[39m[1m[41m Failed Tests 1 [49m[22m[31m⎯⎯⎯⎯⎯⎯⎯[39m

[41m[1m FAIL [22m[49m packages/indexer/src/configResolution.test.ts[2m > [22mcaptured configuration resolution[2m > [22mdoes not guess named configuration ownership or expand project references
[31m[1mAssertionError[22m: expected false to be true // Object.is equality[39m

[32m- Expected[39m
[31m+ Received[39m

[32m- true[39m
[31m+ false[39m

[36m [2m❯[22m packages/indexer/src/configResolution.test.ts:[2m216:7[22m[39m
    [90m214|[39m         (d) => d.filePath === "tsconfig.json" && /references/i.test(d.…
    [90m215|[39m       )[33m,[39m
    [90m216|[39m     )[33m.[39m[34mtoBe[39m([35mtrue[39m)[33m;[39m
    [90m   |[39m       [31m^[39m
    [90m217|[39m     [34mexpect[39m(
    [90m218|[39m       [34mcallTarget[39m(

[31m[2m⎯⎯⎯⎯⎯⎯⎯⎯⎯⎯⎯⎯⎯⎯⎯⎯⎯⎯⎯⎯⎯⎯⎯⎯[1/1]⎯[22m[39m


[2m Test Files [22m [1m[31m1 failed[39m[22m[2m | [22m[1m[32m10 passed[39m[22m[90m (11)[39m
[2m      Tests [22m [1m[31m1 failed[39m[22m[2m | [22m[1m[32m431 passed[39m[22m[90m (432)[39m
[2m   Start at [22m 15:57:43
[2m   Duration [22m 7.33s[2m (transform 907ms, setup 0ms, import 7.88s, tests 11.69s, environment 1ms)[22m

