
[1m[30m[46m RUN [49m[39m[22m [36mv4.1.11 [39m[90m/home/agent/projects/AtlasMode[39m

 [31m❯[39m packages/indexer/src/projectReferencesReview.test.ts [2m([22m[2m6 tests[22m[2m | [22m[31m1 failed[39m[2m)[22m[33m 542[2mms[22m[39m
     [32m✓[39m keeps the global 2048 reference budget across recursive parent resumes[32m 145[2mms[22m[39m
     [32m✓[39m checks deep reused paths when shallow root is a and deep root z[32m 8[2mms[22m[39m
     [32m✓[39m checks deep reused paths when shallow root is z and deep root a[32m 4[2mms[22m[39m
[31m     [31m×[31m shares a leaf veto through a forwarding namespace in another scope[39m[32m 269[2mms[22m[39m
     [32m✓[39m vetoes an independent scope's CommonJS namespace write before another consumer call[32m 62[2mms[22m[39m
     [32m✓[39m vetoes an independent scope's CommonJS namespace escape before another consumer call[32m 47[2mms[22m[39m

[31m⎯⎯⎯⎯⎯⎯⎯[39m[1m[41m Failed Tests 1 [49m[22m[31m⎯⎯⎯⎯⎯⎯⎯[39m

[41m[1m FAIL [22m[49m packages/indexer/src/projectReferencesReview.test.ts[2m > [22mIDX03 independent review boundary regressions[2m > [22mshares a leaf veto through a forwarding namespace in another scope
[31m[1mAssertionError[22m: expected { …(6) } to match object { resolution: 'unresolved', …(1) }
(7 matching properties omitted from actual)[39m

[32m- Expected[39m
[31m+ Received[39m

[2m  {[22m
[32m-   "resolution": "unresolved",[39m
[32m-   "targetId": null,[39m
[31m+   "resolution": "resolved",[39m
[31m+   "targetId": "function:a3c4200b1fc3cfc969aca8a7360ee52b",[39m
[2m  }[22m

[36m [2m❯[22m packages/indexer/src/projectReferencesReview.test.ts:[2m45:126[22m[39m
    [90m 43|[39m   [35mconst[39m graph[33m=[39m[35mnew[39m [33mGraph[39m([32m"idx03-review-forward"[39m)[33m;[39m
    [90m 44|[39m   [34mindexTypeScript[39m([34mcaptured[39m(files)[33m,[39mgraph[33m,[39m[34mcaptured[39m(configs))[33m;[39m
    [90m 45|[39m   expect(graph.relations.find(r=>r.type==="calls"&&r.evidence.filePath…
    [90m   |[39m                                                                                                                              [31m^[39m
    [90m 46|[39m  })[33m;[39m
    [90m 47|[39m  it.each(["write","escape"])("vetoes an independent scope's CommonJS n…

[31m[2m⎯⎯⎯⎯⎯⎯⎯⎯⎯⎯⎯⎯⎯⎯⎯⎯⎯⎯⎯⎯⎯⎯⎯⎯[1/1]⎯[22m[39m


[2m Test Files [22m [1m[31m1 failed[39m[22m[90m (1)[39m
[2m      Tests [22m [1m[31m1 failed[39m[22m[2m | [22m[1m[32m5 passed[39m[22m[90m (6)[39m
[2m   Start at [22m 16:16:22
[2m   Duration [22m 2.58s[2m (transform 512ms, setup 0ms, import 1.76s, tests 542ms, environment 0ms)[22m

