
[1m[30m[46m RUN [49m[39m[22m [36mv4.1.11 [39m[90m/home/agent/projects/AtlasMode[39m

 [31m❯[39m packages/core/src/projectReferenceSchema.test.ts [2m([22m[2m30 tests[22m[2m | [22m[31m3 failed[39m[2m)[22m[32m 28[2mms[22m[39m
     [32m✓[39m accepts legacy missing field[32m 6[2mms[22m[39m
[31m     [31m×[31m accepts the exact optional graph and preserves it[39m[32m 8[2mms[22m[39m
[31m     [31m×[31m accepts a bounded sample with accurate larger counts[39m[32m 1[2mms[22m[39m
     [32m✓[39m rejects over-limit roots array even with consistent totals[32m 1[2mms[22m[39m
     [32m✓[39m rejects over-limit projects array even with consistent totals[32m 0[2mms[22m[39m
     [32m✓[39m rejects over-limit references array even with consistent totals[32m 0[2mms[22m[39m
     [32m✓[39m rejects over-limit scopes array even with consistent totals[32m 0[2mms[22m[39m
     [32m✓[39m rejects nonnegative safeinteger count violation -1[32m 0[2mms[22m[39m
     [32m✓[39m rejects nonnegative safeinteger count violation 0.5[32m 0[2mms[22m[39m
     [32m✓[39m rejects nonnegative safeinteger count violation 9007199254740992[32m 0[2mms[22m[39m
     [32m✓[39m rejects scope category totals that disagree with all sources[32m 0[2mms[22m[39m
     [32m✓[39m rejects returned roots greater than observed[32m 0[2mms[22m[39m
     [32m✓[39m rejects returned projects greater than observed[32m 0[2mms[22m[39m
     [32m✓[39m rejects returned references greater than observed[32m 0[2mms[22m[39m
     [32m✓[39m rejects returned scopes greater than observed[32m 0[2mms[22m[39m
     [32m✓[39m rejects contradictory roots truncated flag[32m 0[2mms[22m[39m
     [32m✓[39m rejects contradictory projects truncated flag[32m 0[2mms[22m[39m
     [32m✓[39m rejects contradictory references truncated flag[32m 0[2mms[22m[39m
     [32m✓[39m rejects contradictory scopes truncated flag[32m 0[2mms[22m[39m
     [32m✓[39m rejects returned scope categories greater than complete category counts[32m 0[2mms[22m[39m
     [32m✓[39m rejects missing reason with reasonTruncated true[32m 0[2mms[22m[39m
     [32m✓[39m rejects overlong root public path[32m 0[2mms[22m[39m
     [32m✓[39m rejects overlong project public path[32m 0[2mms[22m[39m
     [32m✓[39m rejects overlong referenceSource public path[32m 0[2mms[22m[39m
     [32m✓[39m rejects overlong referenceTarget public path[32m 0[2mms[22m[39m
     [32m✓[39m rejects overlong source public path[32m 0[2mms[22m[39m
     [32m✓[39m rejects overlong scopeConfig public path[32m 0[2mms[22m[39m
     [32m✓[39m rejects overlong preview and reason strings[32m 0[2mms[22m[39m
[31m     [31m×[31m accepts budget partial status and explicit string truncation[39m[32m 2[2mms[22m[39m
     [32m✓[39m rejects invalid paths and unknown fields[32m 0[2mms[22m[39m

[31m⎯⎯⎯⎯⎯⎯⎯[39m[1m[41m Failed Tests 3 [49m[22m[31m⎯⎯⎯⎯⎯⎯⎯[39m

[41m[1m FAIL [22m[49m packages/core/src/projectReferenceSchema.test.ts[2m > [22mIDX03 bounded configuration project graph schema[2m > [22maccepts the exact optional graph and preserves it
[31m[1mAssertionError[22m: expected false to be true // Object.is equality[39m

[32m- Expected[39m
[31m+ Received[39m

[32m- true[39m
[31m+ false[39m

[36m [2m❯[22m packages/core/src/projectReferenceSchema.test.ts:[2m24:59[22m[39m
    [90m 22|[39m   it("accepts legacy missing field", () => expect(snapshotSchema.safeP…
    [90m 23|[39m   [34mit[39m([32m"accepts the exact optional graph and preserves it"[39m[33m,[39m () [33m=>[39m {
    [90m 24|[39m     [35mconst[39m result [33m=[39m [34mparse[39m([34mgraph[39m())[33m;[39m [34mexpect[39m(result[33m.[39msuccess)[33m.[39m[34mtoBe[39m([35mtrue[39m)[33m;[39m
    [90m   |[39m                                                           [31m^[39m
    [90m 25|[39m     if (result.success) expect(result.data.coverage.configurationProje…
    [90m 26|[39m   })[33m;[39m

[31m[2m⎯⎯⎯⎯⎯⎯⎯⎯⎯⎯⎯⎯⎯⎯⎯⎯⎯⎯⎯⎯⎯⎯⎯⎯[1/3]⎯[22m[39m

[41m[1m FAIL [22m[49m packages/core/src/projectReferenceSchema.test.ts[2m > [22mIDX03 bounded configuration project graph schema[2m > [22maccepts a bounded sample with accurate larger counts
[31m[1mAssertionError[22m: expected false to be true // Object.is equality[39m

[32m- Expected[39m
[31m+ Received[39m

[32m- true[39m
[31m+ false[39m

[36m [2m❯[22m packages/core/src/projectReferenceSchema.test.ts:[2m29:34[22m[39m
    [90m 27|[39m   [34mit[39m([32m"accepts a bounded sample with accurate larger counts"[39m[33m,[39m () [33m=>[39m {
    [90m 28|[39m     const value = graph(); value.counts.sourceScopes = value.counts.re…
    [90m 29|[39m     [34mexpect[39m([34mparse[39m(value)[33m.[39msuccess)[33m.[39m[34mtoBe[39m([35mtrue[39m)[33m;[39m
    [90m   |[39m                                  [31m^[39m
    [90m 30|[39m   })[33m;[39m
    [90m 31|[39m   it.each(["roots", "projects", "references", "scopes"] as const)("rej…

[31m[2m⎯⎯⎯⎯⎯⎯⎯⎯⎯⎯⎯⎯⎯⎯⎯⎯⎯⎯⎯⎯⎯⎯⎯⎯[2/3]⎯[22m[39m

[41m[1m FAIL [22m[49m packages/core/src/projectReferenceSchema.test.ts[2m > [22mIDX03 bounded configuration project graph schema[2m > [22maccepts budget partial status and explicit string truncation
[31m[1mAssertionError[22m: expected false to be true // Object.is equality[39m

[32m- Expected[39m
[31m+ Received[39m

[32m- true[39m
[31m+ false[39m

[36m [2m❯[22m packages/core/src/projectReferenceSchema.test.ts:[2m81:34[22m[39m
    [90m 79|[39m     [35mconst[39m value [33m=[39m [34mgraph[39m()[33m;[39m value[33m.[39mstatus [33m=[39m [32m"partial"[39m[33m;[39m
    [90m 80|[39m     Object.assign(value.references[0]!, { status: "budget", reason: "a…
    [90m 81|[39m     [34mexpect[39m([34mparse[39m(value)[33m.[39msuccess)[33m.[39m[34mtoBe[39m([35mtrue[39m)[33m;[39m
    [90m   |[39m                                  [31m^[39m
    [90m 82|[39m   })[33m;[39m
    [90m 83|[39m   [34mit[39m([32m"rejects invalid paths and unknown fields"[39m[33m,[39m () [33m=>[39m {

[31m[2m⎯⎯⎯⎯⎯⎯⎯⎯⎯⎯⎯⎯⎯⎯⎯⎯⎯⎯⎯⎯⎯⎯⎯⎯[3/3]⎯[22m[39m


[2m Test Files [22m [1m[31m1 failed[39m[22m[90m (1)[39m
[2m      Tests [22m [1m[31m3 failed[39m[22m[2m | [22m[1m[32m27 passed[39m[22m[90m (30)[39m
[2m   Start at [22m 15:57:01
[2m   Duration [22m 496ms[2m (transform 118ms, setup 0ms, import 226ms, tests 28ms, environment 0ms)[22m

