
[1m[30m[46m RUN [49m[39m[22m [36mv4.1.11 [39m[90m/home/agent/projects/AtlasMode[39m

 [32m✓[39m packages/core/src/projectReferenceSchema.test.ts [2m([22m[2m30 tests[22m[2m)[22m[32m 61[2mms[22m[39m
 [32m✓[39m packages/indexer/src/configResolution.test.ts [2m([22m[2m31 tests[22m[2m)[22m[33m 681[2mms[22m[39m
 [32m✓[39m packages/indexer/src/commonjs.test.ts [2m([22m[2m183 tests[22m[2m)[22m[33m 2373[2mms[22m[39m
 [32m✓[39m packages/indexer/src/index.test.ts [2m([22m[2m54 tests[22m[2m)[22m[33m 3879[2mms[22m[39m
 [32m✓[39m packages/indexer/src/packageCapture.test.ts [2m([22m[2m24 tests[22m[2m)[22m[33m 2657[2mms[22m[39m
     [33m[2m✓[22m[39m enforces count boundary with 512 files [33m 1229[2mms[22m[39m
     [33m[2m✓[22m[39m enforces count boundary with 513 files [33m 848[2mms[22m[39m
 [32m✓[39m packages/indexer/src/projectReferencesResolution.test.ts [2m([22m[2m15 tests[22m[2m)[22m[32m 276[2mms[22m[39m
 [32m✓[39m packages/indexer/src/configCapture.test.ts [2m([22m[2m25 tests[22m[2m)[22m[33m 1440[2mms[22m[39m
     [33m[2m✓[22m[39m enforces the 512 file limit for 512 eligible seeds [33m 519[2mms[22m[39m
     [33m[2m✓[22m[39m enforces the 512 file limit for 513 eligible seeds [33m 421[2mms[22m[39m
 [32m✓[39m packages/indexer/src/workspaceResolution.test.ts [2m([22m[2m44 tests[22m[2m)[22m[33m 475[2mms[22m[39m
 [32m✓[39m packages/indexer/src/idx01.test.ts [2m([22m[2m17 tests[22m[2m)[22m[33m 336[2mms[22m[39m
 [32m✓[39m packages/indexer/src/declarations.test.ts [2m([22m[2m2 tests[22m[2m)[22m[32m 218[2mms[22m[39m
 [32m✓[39m packages/indexer/src/projectReferencesCapture.test.ts [2m([22m[2m24 tests[22m[2m)[22m[32m 155[2mms[22m[39m
 [32m✓[39m packages/indexer/src/packageMode.test.ts [2m([22m[2m13 tests[22m[2m)[22m[32m 5[2mms[22m[39m

[2m Test Files [22m [1m[32m12 passed[39m[22m[90m (12)[39m
[2m      Tests [22m [1m[32m462 passed[39m[22m[90m (462)[39m
[2m   Start at [22m 16:01:17
[2m   Duration [22m 8.03s[2m (transform 1.36s, setup 0ms, import 8.73s, tests 12.56s, environment 2ms)[22m

