node:internal/modules/run_main:107
    triggerUncaughtException(
    ^

locator.click: Timeout 30000ms exceeded.
Call log:
  - waiting for locator('.navigation .node-list button').filter({ has: getByText('ƒ createApplication', { exact: true }) }).filter({ has: getByText('lib/express.js', { exact: true }) }).last()
    - locator resolved to <button class="">…</button>
  - attempting click action
    2 × waiting for element to be visible, enabled and stable
      - element is not visible
    - retrying click action
    - waiting 20ms
    2 × waiting for element to be visible, enabled and stable
      - element is not visible
    - retrying click action
      - waiting 100ms
    58 × waiting for element to be visible, enabled and stable
       - element is not visible
     - retrying click action
       - waiting 500ms

    at /home/agent/projects/AtlasMode/tests/support/idx01-validate.mjs:185:23 {
  log: [
    "  - waiting for locator('.navigation .node-list button').filter({ has: getByText('ƒ createApplication', { exact: true }) }).filter({ has: getByText('lib/express.js', { exact: true }) }).last()",
    '    - locator resolved to <button class="">…</button>',
    '  - attempting click action',
    '    2 × waiting for element to be visible, enabled and stable',
    '      - element is not visible',
    '    - retrying click action',
    '    - waiting 20ms',
    '    2 × waiting for element to be visible, enabled and stable',
    '      - element is not visible',
    '    - retrying click action',
    '      - waiting 100ms',
    '    58 × waiting for element to be visible, enabled and stable',
    '       - element is not visible',
    '     - retrying click action',
    '       - waiting 500ms'
  ],
  name: 'TimeoutError'
}

Node.js v24.19.0
