
[1m[30m[46m RUN [49m[39m[22m [36mv4.1.11 [39m[90m/home/agent/projects/AtlasMode[39m

 [31m❯[39m packages/indexer/src/idx01.test.ts [2m([22m[2m17 tests[22m[2m | [22m[31m11 failed[39m[2m)[22m[33m 607[2mms[22m[39m
[31m     [31m×[31m preserves root and rejects every named export after mod.prototype.foo = replacement;[39m[32m 228[2mms[22m[39m
[31m     [31m×[31m preserves root and rejects every named export after delete mod.prototype.foo;[39m[32m 28[2mms[22m[39m
[31m     [31m×[31m preserves root and rejects every named export after mod.prototype.foo++;[39m[32m 37[2mms[22m[39m
[31m     [31m×[31m preserves root and rejects every named export after mod.prototype[key] = replacement;[39m[32m 40[2mms[22m[39m
[31m     [31m×[31m preserves root and rejects every named export after mod[''].foo = replacement;[39m[32m 34[2mms[22m[39m
[31m     [31m×[31m preserves root and rejects every named export after mod.self.safe = replacement;[39m[32m 16[2mms[22m[39m
[31m     [31m×[31m preserves root and rejects every named export after mod.prototype.constructor.safe = replacement;[39m[32m 16[2mms[22m[39m
[31m     [31m×[31m preserves root and rejects every named export after mod.prototype[key].safe = replacement;[39m[32m 16[2mms[22m[39m
[31m     [31m×[31m preserves root and rejects every named export after mod.holder.safe = replacement;[39m[32m 16[2mms[22m[39m
     [32m✓[39m retains whole invalidation for mod[key] = replacement;[32m 23[2mms[22m[39m
     [32m✓[39m retains whole invalidation for mod[key].foo = replacement;[32m 20[2mms[22m[39m
     [32m✓[39m retains whole invalidation for mutate(mod);[32m 18[2mms[22m[39m
     [32m✓[39m retains whole invalidation for const alias = mod;[32m 19[2mms[22m[39m
[31m     [31m×[31m preserves root after ESM namespace default nested mutation[39m[32m 28[2mms[22m[39m
     [32m✓[39m keeps initialization cycle calls unresolved despite nested mutation[32m 20[2mms[22m[39m
     [32m✓[39m does not lose an untouched named export after a direct known-property write[32m 21[2mms[22m[39m
[31m     [31m×[31m guards same-module self and constructor writes too[39m[32m 23[2mms[22m[39m

[31m⎯⎯⎯⎯⎯⎯[39m[1m[41m Failed Tests 11 [49m[22m[31m⎯⎯⎯⎯⎯⎯⎯[39m

[41m[1m FAIL [22m[49m packages/indexer/src/idx01.test.ts[2m > [22mIDX01 bounded nested mutation[2m > [22mpreserves root and rejects every named export after mod.prototype.foo = replacement;
[41m[1m FAIL [22m[49m packages/indexer/src/idx01.test.ts[2m > [22mIDX01 bounded nested mutation[2m > [22mpreserves root and rejects every named export after delete mod.prototype.foo;
[41m[1m FAIL [22m[49m packages/indexer/src/idx01.test.ts[2m > [22mIDX01 bounded nested mutation[2m > [22mpreserves root and rejects every named export after mod.prototype.foo++;
[41m[1m FAIL [22m[49m packages/indexer/src/idx01.test.ts[2m > [22mIDX01 bounded nested mutation[2m > [22mpreserves root and rejects every named export after mod.prototype[key] = replacement;
[41m[1m FAIL [22m[49m packages/indexer/src/idx01.test.ts[2m > [22mIDX01 bounded nested mutation[2m > [22mpreserves root and rejects every named export after mod[''].foo = replacement;
[41m[1m FAIL [22m[49m packages/indexer/src/idx01.test.ts[2m > [22mIDX01 bounded nested mutation[2m > [22mpreserves root and rejects every named export after mod.self.safe = replacement;
[41m[1m FAIL [22m[49m packages/indexer/src/idx01.test.ts[2m > [22mIDX01 bounded nested mutation[2m > [22mpreserves root and rejects every named export after mod.prototype.constructor.safe = replacement;
[41m[1m FAIL [22m[49m packages/indexer/src/idx01.test.ts[2m > [22mIDX01 bounded nested mutation[2m > [22mpreserves root and rejects every named export after mod.prototype[key].safe = replacement;
[41m[1m FAIL [22m[49m packages/indexer/src/idx01.test.ts[2m > [22mIDX01 bounded nested mutation[2m > [22mpreserves root and rejects every named export after mod.holder.safe = replacement;
[31m[1mAssertionError[22m: expected false to be true // Object.is equality[39m

[32m- Expected[39m
[31m+ Received[39m

[32m- true[39m
[31m+ false[39m

[36m [2m❯[22m root packages/indexer/src/idx01.test.ts:[2m24:41[22m[39m
    [90m 22|[39m [35mfunction[39m [34mroot[39m(graph[33m:[39m [33mGraph[39m[33m,[39m legal[33m:[39m boolean) {
    [90m 23|[39m   const id = makeId("function", "idx01", "leaf.cjs", "main", "Function…
    [90m 24|[39m   [34mexpect[39m(graph[33m.[39mnodes[33m.[39m[35mget[39m(id)[33m?.[39mexported)[33m.[39m[34mtoBe[39m(legal)[33m;[39m
    [90m   |[39m                                         [31m^[39m
    [90m 25|[39m   expect(call(graph, "mod()")).toMatchObject(legal ? {resolution: "res…
    [90m 26|[39m }
[90m [2m❯[22m packages/indexer/src/idx01.test.ts:[2m42:7[22m[39m

[31m[2m⎯⎯⎯⎯⎯⎯⎯⎯⎯⎯⎯⎯⎯⎯⎯⎯⎯⎯⎯⎯⎯⎯⎯[1/11]⎯[22m[39m

[41m[1m FAIL [22m[49m packages/indexer/src/idx01.test.ts[2m > [22mIDX01 bounded nested mutation[2m > [22mpreserves root after ESM namespace default nested mutation
[31m[1mAssertionError[22m: expected false to be true // Object.is equality[39m

[32m- Expected[39m
[31m+ Received[39m

[32m- true[39m
[31m+ false[39m

[36m [2m❯[22m root packages/indexer/src/idx01.test.ts:[2m24:41[22m[39m
    [90m 22|[39m [35mfunction[39m [34mroot[39m(graph[33m:[39m [33mGraph[39m[33m,[39m legal[33m:[39m boolean) {
    [90m 23|[39m   const id = makeId("function", "idx01", "leaf.cjs", "main", "Function…
    [90m 24|[39m   [34mexpect[39m(graph[33m.[39mnodes[33m.[39m[35mget[39m(id)[33m?.[39mexported)[33m.[39m[34mtoBe[39m(legal)[33m;[39m
    [90m   |[39m                                         [31m^[39m
    [90m 25|[39m   expect(call(graph, "mod()")).toMatchObject(legal ? {resolution: "res…
    [90m 26|[39m }
[90m [2m❯[22m packages/indexer/src/idx01.test.ts:[2m56:5[22m[39m

[31m[2m⎯⎯⎯⎯⎯⎯⎯⎯⎯⎯⎯⎯⎯⎯⎯⎯⎯⎯⎯⎯⎯⎯⎯[2/11]⎯[22m[39m

[41m[1m FAIL [22m[49m packages/indexer/src/idx01.test.ts[2m > [22mIDX01 bounded nested mutation[2m > [22mguards same-module self and constructor writes too
[31m[1mAssertionError[22m: expected 'function:6796a37d91964b965198dc4c9890…' to be null[39m

[32m- Expected:[39m
null

[31m+ Received:[39m
"function:6796a37d91964b965198dc4c9890cfa0"

[36m [2m❯[22m packages/indexer/src/idx01.test.ts:[2m70:48[22m[39m
    [90m 68|[39m     const graph = index("", false, "module.exports.self = main; module…
    [90m 69|[39m     [34mroot[39m(graph[33m,[39m [35mtrue[39m)[33m;[39m
    [90m 70|[39m     [34mexpect[39m([34mcall[39m(graph[33m,[39m [32m"mod.safe()"[39m)[33m.[39mtargetId)[33m.[39m[34mtoBeNull[39m()[33m;[39m
    [90m   |[39m                                                [31m^[39m
    [90m 71|[39m   })[33m;[39m
    [90m 72|[39m })[33m;[39m

[31m[2m⎯⎯⎯⎯⎯⎯⎯⎯⎯⎯⎯⎯⎯⎯⎯⎯⎯⎯⎯⎯⎯⎯⎯[3/11]⎯[22m[39m


[2m Test Files [22m [1m[31m1 failed[39m[22m[90m (1)[39m
[2m      Tests [22m [1m[31m11 failed[39m[22m[2m | [22m[1m[32m6 passed[39m[22m[90m (17)[39m
[2m   Start at [22m 14:27:10
[2m   Duration [22m 1.93s[2m (transform 272ms, setup 0ms, import 1.05s, tests 607ms, environment 0ms)[22m

