
Running 1 test using 1 worker

  ✘  1 tests/e2e/groups-collapse.spec.ts:6:1 › group collapse preserves shared function aliases, true external call endpoints, layout and view across owned restart (13.2s)


  1) tests/e2e/groups-collapse.spec.ts:6:1 › group collapse preserves shared function aliases, true external call endpoints, layout and view across owned restart 

    Error: expect(locator).toBeVisible() failed

    Locator: locator('.group-card[data-group-id="3a15e01c-62a4-41fc-b5c6-13fcfa70806c"]')
    Expected: visible
    Timeout: 10000ms
    Error: element(s) not found

    Call log:
      - Expect "toBeVisible" locator('.group-card[data-group-id="3a15e01c-62a4-41fc-b5c6-13fcfa70806c"]') with timeout 10000ms
      - waiting for locator('.group-card[data-group-id="3a15e01c-62a4-41fc-b5c6-13fcfa70806c"]')


      26 |   await page.goto(server.url);await page.getByRole("combobox",{name:"切换项目",exact:true}).selectOption(project.id);
      27 |   const card=(id:string)=>page.locator(`.group-card[data-group-id="${id}"]`);
    > 28 |   await expect(card(g1.id)).toBeVisible();await expect(card(g2.id)).toBeVisible();
         |                             ^
      29 |   await expect(page.locator(`.code-card[data-domain-id="${alpha.id}"]`)).toHaveCount(2);
      30 |   await expect(page.locator(`.code-card[data-domain-id="${alpha.id}"]`).first()).toContainText("同一函数镜像");
      31 |   await page.getByRole("combobox",{name:"选择规划",exact:true}).selectOption(plan.plan.id);await page.getByRole("button",{name:"确认此规划",exact:true}).click();
        at /home/agent/projects/AtlasMode/tests/e2e/groups-collapse.spec.ts:28:29

    attachment #1: screenshot (image/png) ──────────────────────────────────────────────────────────
    artifacts/e2e/results/groups-collapse-group-coll-0cdef-d-view-across-owned-restart/test-failed-1.png
    ────────────────────────────────────────────────────────────────────────────────────────────────

    Error Context: artifacts/e2e/results/groups-collapse-group-coll-0cdef-d-view-across-owned-restart/error-context.md

    attachment #3: trace (application/zip) ─────────────────────────────────────────────────────────
    artifacts/e2e/results/groups-collapse-group-coll-0cdef-d-view-across-owned-restart/trace.zip
    Usage:

        npx playwright show-trace artifacts/e2e/results/groups-collapse-group-coll-0cdef-d-view-across-owned-restart/trace.zip

    ────────────────────────────────────────────────────────────────────────────────────────────────

  1 failed
    tests/e2e/groups-collapse.spec.ts:6:1 › group collapse preserves shared function aliases, true external call endpoints, layout and view across owned restart 
