
[1m[30m[46m RUN [49m[39m[22m [36mv4.1.11 [39m[90m/home/agent/projects/AtlasMode[39m

 [32m✓[39m apps/web/src/app/groups-workspace.test.ts [2m([22m[2m5 tests[22m[2m)[22m[32m 174[2mms[22m[39m
 [32m✓[39m packages/service/src/group-view.test.ts [2m([22m[2m3 tests[22m[2m)[22m[32m 13[2mms[22m[39m
 [32m✓[39m apps/web/src/app/group-collapse-workspace.test.ts [2m([22m[2m1 test[22m[2m)[22m[32m 88[2mms[22m[39m
 [32m✓[39m apps/web/src/i18n/locale.test.tsx [2m([22m[2m5 tests[22m[2m)[22m[33m 1307[2mms[22m[39m
   [33m[2m✓[22m[39m cached failure help follows current locale while backend diagnostics remain verbatim [33m 1267[2mms[22m[39m
 [32m✓[39m apps/web/src/features/groups/projection.test.ts [2m([22m[2m4 tests[22m[2m)[22m[32m 30[2mms[22m[39m
 [32m✓[39m apps/web/src/features/groups/GroupCard.test.tsx [2m([22m[2m1 test[22m[2m)[22m[32m 14[2mms[22m[39m
 [32m✓[39m apps/web/src/features/graph/projection.test.ts [2m([22m[2m6 tests[22m[2m)[22m[32m 12[2mms[22m[39m
 [32m✓[39m apps/web/src/features/groups/GroupsPanel.test.tsx [2m([22m[2m2 tests[22m[2m)[22m[32m 15[2mms[22m[39m
 [32m✓[39m apps/web/src/features/groups/memberBindings.test.ts [2m([22m[2m1 test[22m[2m)[22m[32m 12[2mms[22m[39m
 [32m✓[39m apps/web/src/features/graph/inspection.test.ts [2m([22m[2m7 tests[22m[2m)[22m[32m 7[2mms[22m[39m
 [32m✓[39m apps/web/src/features/groups/inspection.test.ts [2m([22m[2m2 tests[22m[2m)[22m[32m 5[2mms[22m[39m
 [32m✓[39m apps/web/src/features/groups/selection.test.ts [2m([22m[2m2 tests[22m[2m)[22m[32m 4[2mms[22m[39m
 [32m✓[39m apps/server/src/group-view.test.ts [2m([22m[2m1 test[22m[2m)[22m[32m 247[2mms[22m[39m
 [32m✓[39m tests/integration/group-view.test.ts [2m([22m[2m1 test[22m[2m)[22m[32m 67[2mms[22m[39m

[2m Test Files [22m [1m[32m14 passed[39m[22m[90m (14)[39m
[2m      Tests [22m [1m[32m41 passed[39m[22m[90m (41)[39m
[2m   Start at [22m 15:18:09
[2m   Duration [22m 3.58s[2m (transform 2.93s, setup 0ms, import 5.36s, tests 1.99s, environment 6ms)[22m

