
[1m[30m[46m RUN [49m[39m[22m [36mv4.1.11 [39m[90m/home/agent/projects/AtlasMode[39m

 [32m✓[39m apps/web/src/app/workspace.test.ts [2m([22m[2m24 tests[22m[2m)[22m[32m 163[2mms[22m[39m
 [32m✓[39m apps/web/src/app/groups-workspace.test.ts [2m([22m[2m5 tests[22m[2m)[22m[32m 156[2mms[22m[39m
 [32m✓[39m apps/web/src/i18n/locale.test.tsx [2m([22m[2m5 tests[22m[2m)[22m[33m 961[2mms[22m[39m
   [33m[2m✓[22m[39m cached failure help follows current locale while backend diagnostics remain verbatim [33m 925[2mms[22m[39m
 [32m✓[39m apps/web/src/features/navigation/workspace-navigation.test.ts [2m([22m[2m9 tests[22m[2m)[22m[32m 136[2mms[22m[39m
 [32m✓[39m apps/web/src/app/group-collapse-workspace.test.ts [2m([22m[2m1 test[22m[2m)[22m[32m 79[2mms[22m[39m
 [32m✓[39m apps/web/src/features/chat/workspace-sync.test.ts [2m([22m[2m8 tests[22m[2m)[22m[32m 128[2mms[22m[39m
 [32m✓[39m tests/integration/group-view.test.ts [2m([22m[2m1 test[22m[2m)[22m[32m 65[2mms[22m[39m
 [32m✓[39m apps/web/src/app/inspection-workspace.test.ts [2m([22m[2m9 tests[22m[2m)[22m[32m 70[2mms[22m[39m
 [32m✓[39m apps/web/src/features/chat/transport.test.ts [2m([22m[2m1 test[22m[2m)[22m[32m 52[2mms[22m[39m
 [32m✓[39m apps/web/src/app/funnel-workspace.test.ts [2m([22m[2m4 tests[22m[2m)[22m[32m 62[2mms[22m[39m
 [32m✓[39m apps/server/src/group-view.test.ts [2m([22m[2m1 test[22m[2m)[22m[33m 406[2mms[22m[39m
   [33m[2m✓[22m[39m accepts old views and bounded collapse IDs over HTTP, rejects malformed arrays and filters foreign groups [33m 404[2mms[22m[39m
 [32m✓[39m apps/web/src/api/client.test.ts [2m([22m[2m1 test[22m[2m)[22m[32m 48[2mms[22m[39m
 [32m✓[39m apps/web/src/features/chat/controller.test.ts [2m([22m[2m10 tests[22m[2m)[22m[32m 28[2mms[22m[39m
 [32m✓[39m apps/web/src/features/chat/shell.test.tsx [2m([22m[2m1 test[22m[2m)[22m[32m 51[2mms[22m[39m
 [32m✓[39m apps/web/src/features/groups/projection.test.ts [2m([22m[2m5 tests[22m[2m)[22m[32m 40[2mms[22m[39m
 [32m✓[39m apps/web/src/features/chat/panels.test.tsx [2m([22m[2m2 tests[22m[2m)[22m[32m 32[2mms[22m[39m
 [32m✓[39m apps/web/src/features/graph/funnel.test.ts [2m([22m[2m4 tests[22m[2m)[22m[32m 50[2mms[22m[39m
 [32m✓[39m apps/web/src/features/groups/GroupsPanel.test.tsx [2m([22m[2m2 tests[22m[2m)[22m[32m 31[2mms[22m[39m
 [32m✓[39m apps/web/src/features/graph/InspectionCard.test.tsx [2m([22m[2m2 tests[22m[2m)[22m[32m 23[2mms[22m[39m
 [32m✓[39m apps/web/src/features/planning/pending.test.tsx [2m([22m[2m4 tests[22m[2m)[22m[32m 33[2mms[22m[39m
 [32m✓[39m apps/web/src/features/groups/memberBindings.test.ts [2m([22m[2m1 test[22m[2m)[22m[32m 24[2mms[22m[39m
 [32m✓[39m apps/web/src/features/graph/nodeIdentity.test.tsx [2m([22m[2m3 tests[22m[2m)[22m[32m 22[2mms[22m[39m
 [32m✓[39m apps/web/src/app/WorkspacePanels.test.tsx [2m([22m[2m1 test[22m[2m)[22m[32m 37[2mms[22m[39m
 [32m✓[39m apps/web/src/features/graph/projection.test.ts [2m([22m[2m6 tests[22m[2m)[22m[32m 12[2mms[22m[39m
 [32m✓[39m apps/web/src/features/chat/direct-panel.test.tsx [2m([22m[2m1 test[22m[2m)[22m[32m 25[2mms[22m[39m
 [32m✓[39m apps/web/src/features/graph/inspection.test.ts [2m([22m[2m7 tests[22m[2m)[22m[32m 10[2mms[22m[39m
 [32m✓[39m apps/web/src/features/planning/history.test.ts [2m([22m[2m3 tests[22m[2m)[22m[32m 14[2mms[22m[39m
 [32m✓[39m apps/web/src/features/groups/GroupCard.test.tsx [2m([22m[2m1 test[22m[2m)[22m[32m 17[2mms[22m[39m
 [32m✓[39m packages/service/src/group-view.test.ts [2m([22m[2m3 tests[22m[2m)[22m[32m 10[2mms[22m[39m
 [32m✓[39m apps/web/src/api/scope.test.ts [2m([22m[2m3 tests[22m[2m)[22m[32m 13[2mms[22m[39m
 [32m✓[39m apps/web/src/features/planning/operations.test.ts [2m([22m[2m5 tests[22m[2m)[22m[32m 11[2mms[22m[39m
 [32m✓[39m apps/web/src/features/navigation/path.test.ts [2m([22m[2m3 tests[22m[2m)[22m[32m 9[2mms[22m[39m
 [32m✓[39m apps/web/src/features/groups/inspection.test.ts [2m([22m[2m2 tests[22m[2m)[22m[32m 7[2mms[22m[39m
 [32m✓[39m apps/web/src/features/groups/selection.test.ts [2m([22m[2m2 tests[22m[2m)[22m[32m 5[2mms[22m[39m
 [32m✓[39m apps/web/src/features/chat/sessions.test.ts [2m([22m[2m1 test[22m[2m)[22m[32m 4[2mms[22m[39m

[2m Test Files [22m [1m[32m35 passed[39m[22m[90m (35)[39m
[2m      Tests [22m [1m[32m141 passed[39m[22m[90m (141)[39m
[2m   Start at [22m 15:34:56
[2m   Duration [22m 6.12s[2m (transform 2.91s, setup 0ms, import 6.31s, tests 2.83s, environment 7ms)[22m

