
[1m[30m[46m RUN [49m[39m[22m [36mv4.1.11 [39m[90m/home/agent/projects/AtlasMode[39m

 [31m❯[39m apps/web/src/features/groups/GroupCard.test.tsx [2m([22m[2m0 test[22m[2m)[22m
 [31m❯[39m apps/web/src/app/group-collapse-workspace.test.ts [2m([22m[2m1 test[22m[2m | [22m[31m1 failed[39m[2m)[22m[32m 13[2mms[22m[39m
[31m   [31m×[31m toggles only current-project groups, deduplicates IDs and persists view without changing approval[39m[32m 11[2mms[22m[39m

[31m⎯⎯⎯⎯⎯⎯[39m[1m[41m Failed Suites 1 [49m[22m[31m⎯⎯⎯⎯⎯⎯⎯[39m

[41m[1m FAIL [22m[49m apps/web/src/features/groups/GroupCard.test.tsx[2m [ apps/web/src/features/groups/GroupCard.test.tsx ][22m
[31m[1mError[22m: Cannot find package '@testing-library/react' imported from /home/agent/projects/AtlasMode/apps/web/src/features/groups/GroupCard.test.tsx[39m
[36m [2m❯[22m apps/web/src/features/groups/GroupCard.test.tsx:[2m1:1[22m[39m
    [90m  1|[39m [35mimport[39m {fireEvent[33m,[39mrender[33m,[39mscreen} [35mfrom[39m [32m"@testing-library/react"[39m[33m;[39m
    [90m   |[39m [31m^[39m
    [90m  2|[39m [35mimport[39m {expect[33m,[39mit[33m,[39mvi} [35mfrom[39m [32m"vitest"[39m[33m;[39m
    [90m  3|[39m [35mimport[39m {[33mGroupCardContent[39m} [35mfrom[39m [32m"./GroupCard.js"[39m[33m;[39m

[31m[2m⎯⎯⎯⎯⎯⎯⎯⎯⎯⎯⎯⎯⎯⎯⎯⎯⎯⎯⎯⎯⎯⎯⎯⎯[1/2]⎯[22m[39m


[31m⎯⎯⎯⎯⎯⎯⎯[39m[1m[41m Failed Tests 1 [49m[22m[31m⎯⎯⎯⎯⎯⎯⎯[39m

[41m[1m FAIL [22m[49m apps/web/src/app/group-collapse-workspace.test.ts[2m > [22mtoggles only current-project groups, deduplicates IDs and persists view without changing approval
[31m[1mTypeError[22m: app.toggleGroupCollapse is not a function[39m
[36m [2m❯[22m apps/web/src/app/group-collapse-workspace.test.ts:[2m9:6[22m[39m


[31m[2m⎯⎯⎯⎯⎯⎯⎯⎯⎯⎯⎯⎯⎯⎯⎯⎯⎯⎯⎯⎯⎯⎯⎯⎯[2/2]⎯[22m[39m


[2m Test Files [22m [1m[31m2 failed[39m[22m[90m (2)[39m
[2m      Tests [22m [1m[31m1 failed[39m[22m[90m (1)[39m
[2m   Start at [22m 15:07:49
[2m   Duration [22m 564ms[2m (transform 357ms, setup 0ms, import 309ms, tests 13ms, environment 0ms)[22m

