
Running 1 test using 1 worker

{"requestedRelation":"plan:new-call","clickedRoute":{"x":672.3078819538932,"y":343.609326839447,"visualRoute":"rf__edge-plan:new-call"}}
{"requestedRelation":"fact:relation:367b5082a4e6b332a52d8bf6c91950c0","clickedRoute":{"x":972.4308135882984,"y":258.57396309589444,"visualRoute":"rf__edge-group-edge:fact:relation:367b5082a4e6b332a52d8bf6c91950c0:0"}}
  ✘  1 tests/e2e/planning.spec.mjs:18:1 › production UI and SDK share the complete planning, approval, persistence and verification flow offline (24.0s)


  1) tests/e2e/planning.spec.mjs:18:1 › production UI and SDK share the complete planning, approval, persistence and verification flow offline 

    Error: expect(locator).toBeInViewport() failed

    Locator: locator('.react-flow__node[data-id="fact:function:dd59d2d9e656a0c5accd95713077009e"]')
    Expected: in viewport
    Timeout: 10000ms
    Error: element(s) not found

    Call log:
      - Expect "toBeInViewport" locator('.react-flow__node[data-id="fact:function:dd59d2d9e656a0c5accd95713077009e"]') with timeout 10000ms
      - waiting for locator('.react-flow__node[data-id="fact:function:dd59d2d9e656a0c5accd95713077009e"]')


      607 |         `.react-flow__node[data-id="fact:${node("requestWithRetry").id}"]`,
      608 |       ),
    > 609 |     ).toBeInViewport();
          |       ^
      610 |     await page.screenshot({
      611 |       path: join(screenshots, "desktop-light.png"),
      612 |       fullPage: true,
        at /tmp/atlas-grp02-clean-20261010-8k6k_twz/workspace/tests/e2e/planning.spec.mjs:609:7

    attachment #2: screenshot (image/png) ──────────────────────────────────────────────────────────
    ../planning-helper-final-artifacts/planning-production-UI-and-0ffc9-d-verification-flow-offline/test-failed-1.png
    ────────────────────────────────────────────────────────────────────────────────────────────────

    Error Context: ../planning-helper-final-artifacts/planning-production-UI-and-0ffc9-d-verification-flow-offline/error-context.md

    attachment #4: trace (application/zip) ─────────────────────────────────────────────────────────
    ../planning-helper-final-artifacts/planning-production-UI-and-0ffc9-d-verification-flow-offline/trace.zip
    Usage:

        npx playwright show-trace ../planning-helper-final-artifacts/planning-production-UI-and-0ffc9-d-verification-flow-offline/trace.zip

    ────────────────────────────────────────────────────────────────────────────────────────────────

  1 failed
    tests/e2e/planning.spec.mjs:18:1 › production UI and SDK share the complete planning, approval, persistence and verification flow offline 
