
[1m[30m[46m RUN [49m[39m[22m [36mv4.1.11 [39m[90m/home/agent/projects/AtlasMode[39m

 [31m×[39m packages/indexer/src/configCapture.test.ts[2m > [22mcaptured configuration inputs[2m > [22mdrains bounded fixture writers after a real write failure before cleanup[32m 18[2mms[22m[39m
[31m   → expected true to be false // Object.is equality[39m
 [2m[90m↓[39m[22m packages/indexer/src/configCapture.test.ts[2m > [22mcaptured configuration inputs[2m > [22mpreserves unreadable capture fault injection through an aliased temporary parent
 [2m[90m↓[39m[22m packages/indexer/src/configCapture.test.ts[2m > [22mcaptured configuration inputs[2m > [22mmarks an enumerated ignored nearest config without reading bytes or counting it as source availability
 [2m[90m↓[39m[22m packages/indexer/src/configCapture.test.ts[2m > [22mcaptured configuration inputs[2m > [22mmarks an enumerated symlinked nearest config without reading bytes or counting it as source availability
 [2m[90m↓[39m[22m packages/indexer/src/configCapture.test.ts[2m > [22mcaptured configuration inputs[2m > [22mmarks an enumerated unreadable nearest config without reading bytes or counting it as source availability
 [2m[90m↓[39m[22m packages/indexer/src/configCapture.test.ts[2m > [22mcaptured configuration inputs[2m > [22mcaptures JSONC and shared relative array extends once in deterministic order
 [2m[90m↓[39m[22m packages/indexer/src/configCapture.test.ts[2m > [22mcaptured configuration inputs[2m > [22mretains invalid JSONC bytes as inputs without echoing them in diagnostics
 [2m[90m↓[39m[22m packages/indexer/src/configCapture.test.ts[2m > [22mcaptured configuration inputs[2m > [22mchecks the opened file at the 262144 byte single-file boundary
 [2m[90m↓[39m[22m packages/indexer/src/configCapture.test.ts[2m > [22mcaptured configuration inputs[2m > [22mchecks the opened file at the 262145 byte single-file boundary
 [2m[90m↓[39m[22m packages/indexer/src/configCapture.test.ts[2m > [22mcaptured configuration inputs[2m > [22menforces the 4194304 byte total boundary with 16 maximum-size seeds
 [2m[90m↓[39m[22m packages/indexer/src/configCapture.test.ts[2m > [22mcaptured configuration inputs[2m > [22menforces the 4194304 byte total boundary with 17 maximum-size seeds
 [2m[90m↓[39m[22m packages/indexer/src/configCapture.test.ts[2m > [22mcaptured configuration inputs[2m > [22mrejects bytes that grow past the single-file budget after opened-handle stat
 [2m[90m↓[39m[22m packages/indexer/src/configCapture.test.ts[2m > [22mcaptured configuration inputs[2m > [22mrejects bytes that grow past the total budget after opened-handle stat
 [2m[90m↓[39m[22m packages/indexer/src/configCapture.test.ts[2m > [22mcaptured configuration inputs[2m > [22m512 eligible configuration seeds[2m > [22menforces the 512 file limit for 512 eligible seeds
 [2m[90m↓[39m[22m packages/indexer/src/configCapture.test.ts[2m > [22mcaptured configuration inputs[2m > [22m513 eligible configuration seeds[2m > [22menforces the 512 file limit for 513 eligible seeds
 [2m[90m↓[39m[22m packages/indexer/src/configCapture.test.ts[2m > [22mcaptured configuration inputs[2m > [22mbounds an extends chain of 16 configuration levels
 [2m[90m↓[39m[22m packages/indexer/src/configCapture.test.ts[2m > [22mcaptured configuration inputs[2m > [22mbounds an extends chain of 17 configuration levels
 [2m[90m↓[39m[22m packages/indexer/src/configCapture.test.ts[2m > [22mcaptured configuration inputs[2m > [22mdiagnoses a cycle even when a path was already captured
 [2m[90m↓[39m[22m packages/indexer/src/configCapture.test.ts[2m > [22mcaptured configuration inputs[2m > [22mrejects unavailable or unsupported extends ./missing.json
 [2m[90m↓[39m[22m packages/indexer/src/configCapture.test.ts[2m > [22mcaptured configuration inputs[2m > [22mrejects unavailable or unsupported extends @scope/config
 [2m[90m↓[39m[22m packages/indexer/src/configCapture.test.ts[2m > [22mcaptured configuration inputs[2m > [22mrejects unavailable or unsupported extends ./base.ts
 [2m[90m↓[39m[22m packages/indexer/src/configCapture.test.ts[2m > [22mcaptured configuration inputs[2m > [22mrejects unavailable or unsupported extends ../../outside.json
 [2m[90m↓[39m[22m packages/indexer/src/configCapture.test.ts[2m > [22mcaptured configuration inputs[2m > [22mrejects unavailable or unsupported extends C:\outside.json
 [2m[90m↓[39m[22m packages/indexer/src/configCapture.test.ts[2m > [22mcaptured configuration inputs[2m > [22mdiagnoses an allowed file removed before capture
 [2m[90m↓[39m[22m packages/indexer/src/configCapture.test.ts[2m > [22mcaptured configuration inputs[2m > [22mrechecks file and directory symlinks without reading outside sentinel bytes
 [2m[90m↓[39m[22m packages/indexer/src/configCapture.test.ts[2m > [22mcaptured configuration inputs[2m > [22mcomposes scanner ignores and fixed exclusions without exposing configuration as source

[31m⎯⎯⎯⎯⎯⎯⎯[39m[1m[41m Failed Tests 1 [49m[22m[31m⎯⎯⎯⎯⎯⎯⎯[39m

[41m[1m FAIL [22m[49m packages/indexer/src/configCapture.test.ts[2m > [22mcaptured configuration inputs[2m > [22mdrains bounded fixture writers after a real write failure before cleanup
[31m[1mAssertionError[22m: expected true to be false // Object.is equality[39m

[32m- Expected[39m
[31m+ Received[39m

[32m- false[39m
[31m+ true[39m

[36m [2m❯[22m packages/indexer/src/configCapture.test.ts:[2m128:31[22m[39m
    [90m126|[39m       // stay behind an explicit barrier; this is not a timing/sleep a…
    [90m127|[39m       [35mawait[39m [35mnew[39m [33mPromise[39m[33m<[39m[35mvoid[39m[33m>[39m((resolve) [33m=>[39m [34msetImmediate[39m(resolve))[33m;[39m
    [90m128|[39m       [34mexpect[39m(fixtureFinished)[33m.[39m[34mtoBe[39m([35mfalse[39m)[33m;[39m
    [90m   |[39m                               [31m^[39m
    [90m129|[39m       [34mexpect[39m(cleanupFinished)[33m.[39m[34mtoBe[39m([35mfalse[39m)[33m;[39m
    [90m130|[39m       finishOthers[33m.[39m[34mrelease[39m()[33m;[39m

[31m[2m⎯⎯⎯⎯⎯⎯⎯⎯⎯⎯⎯⎯⎯⎯⎯⎯⎯⎯⎯⎯⎯⎯⎯⎯[1/1]⎯[22m[39m


[2m Test Files [22m [1m[31m1 failed[39m[22m[90m (1)[39m
[2m      Tests [22m [1m[31m1 failed[39m[22m[2m | [22m[33m25 skipped[39m[90m (26)[39m
[2m   Start at [22m 17:29:48
[2m   Duration [22m 976ms[2m (transform 355ms, setup 0ms, import 758ms, tests 20ms, environment 0ms)[22m

