
[1m[30m[46m RUN [49m[39m[22m [36mv4.1.11 [39m[90m/home/agent/projects/AtlasMode[39m

 [32m✓[39m packages/indexer/src/configCapture.test.ts[2m > [22mcaptured configuration inputs[2m > [22mdrains bounded fixture writers after a real write failure before cleanup[32m 17[2mms[22m[39m
 [2m[90m↓[39m[22m packages/indexer/src/configCapture.test.ts[2m > [22mcaptured configuration inputs[2m > [22mpreserves unreadable capture fault injection through an aliased temporary parent
 [2m[90m↓[39m[22m packages/indexer/src/configCapture.test.ts[2m > [22mcaptured configuration inputs[2m > [22mmarks an enumerated ignored nearest config without reading bytes or counting it as source availability
 [2m[90m↓[39m[22m packages/indexer/src/configCapture.test.ts[2m > [22mcaptured configuration inputs[2m > [22mmarks an enumerated symlinked nearest config without reading bytes or counting it as source availability
 [2m[90m↓[39m[22m packages/indexer/src/configCapture.test.ts[2m > [22mcaptured configuration inputs[2m > [22mmarks an enumerated unreadable nearest config without reading bytes or counting it as source availability
 [2m[90m↓[39m[22m packages/indexer/src/configCapture.test.ts[2m > [22mcaptured configuration inputs[2m > [22mcaptures JSONC and shared relative array extends once in deterministic order
 [2m[90m↓[39m[22m packages/indexer/src/configCapture.test.ts[2m > [22mcaptured configuration inputs[2m > [22mretains invalid JSONC bytes as inputs without echoing them in diagnostics
 [2m[90m↓[39m[22m packages/indexer/src/configCapture.test.ts[2m > [22mcaptured configuration inputs[2m > [22mchecks the opened file at the 262144 byte single-file boundary
 [2m[90m↓[39m[22m packages/indexer/src/configCapture.test.ts[2m > [22mcaptured configuration inputs[2m > [22mchecks the opened file at the 262145 byte single-file boundary
 [2m[90m↓[39m[22m packages/indexer/src/configCapture.test.ts[2m > [22mcaptured configuration inputs[2m > [22menforces the 4194304 byte total boundary with 16 maximum-size seeds
 [2m[90m↓[39m[22m packages/indexer/src/configCapture.test.ts[2m > [22mcaptured configuration inputs[2m > [22menforces the 4194304 byte total boundary with 17 maximum-size seeds
 [2m[90m↓[39m[22m packages/indexer/src/configCapture.test.ts[2m > [22mcaptured configuration inputs[2m > [22mrejects bytes that grow past the single-file budget after opened-handle stat
 [2m[90m↓[39m[22m packages/indexer/src/configCapture.test.ts[2m > [22mcaptured configuration inputs[2m > [22mrejects bytes that grow past the total budget after opened-handle stat
 [2m[90m↓[39m[22m packages/indexer/src/configCapture.test.ts[2m > [22mcaptured configuration inputs[2m > [22m512 eligible configuration seeds[2m > [22menforces the 512 file limit for 512 eligible seeds
 [2m[90m↓[39m[22m packages/indexer/src/configCapture.test.ts[2m > [22mcaptured configuration inputs[2m > [22m513 eligible configuration seeds[2m > [22menforces the 512 file limit for 513 eligible seeds
 [2m[90m↓[39m[22m packages/indexer/src/configCapture.test.ts[2m > [22mcaptured configuration inputs[2m > [22mbounds an extends chain of 16 configuration levels
 [2m[90m↓[39m[22m packages/indexer/src/configCapture.test.ts[2m > [22mcaptured configuration inputs[2m > [22mbounds an extends chain of 17 configuration levels
 [2m[90m↓[39m[22m packages/indexer/src/configCapture.test.ts[2m > [22mcaptured configuration inputs[2m > [22mdiagnoses a cycle even when a path was already captured
 [2m[90m↓[39m[22m packages/indexer/src/configCapture.test.ts[2m > [22mcaptured configuration inputs[2m > [22mrejects unavailable or unsupported extends ./missing.json
 [2m[90m↓[39m[22m packages/indexer/src/configCapture.test.ts[2m > [22mcaptured configuration inputs[2m > [22mrejects unavailable or unsupported extends @scope/config
 [2m[90m↓[39m[22m packages/indexer/src/configCapture.test.ts[2m > [22mcaptured configuration inputs[2m > [22mrejects unavailable or unsupported extends ./base.ts
 [2m[90m↓[39m[22m packages/indexer/src/configCapture.test.ts[2m > [22mcaptured configuration inputs[2m > [22mrejects unavailable or unsupported extends ../../outside.json
 [2m[90m↓[39m[22m packages/indexer/src/configCapture.test.ts[2m > [22mcaptured configuration inputs[2m > [22mrejects unavailable or unsupported extends C:\outside.json
 [2m[90m↓[39m[22m packages/indexer/src/configCapture.test.ts[2m > [22mcaptured configuration inputs[2m > [22mdiagnoses an allowed file removed before capture
 [2m[90m↓[39m[22m packages/indexer/src/configCapture.test.ts[2m > [22mcaptured configuration inputs[2m > [22mrechecks file and directory symlinks without reading outside sentinel bytes
 [2m[90m↓[39m[22m packages/indexer/src/configCapture.test.ts[2m > [22mcaptured configuration inputs[2m > [22mcomposes scanner ignores and fixed exclusions without exposing configuration as source

[2m Test Files [22m [1m[32m1 passed[39m[22m[90m (1)[39m
[2m      Tests [22m [1m[32m1 passed[39m[22m[2m | [22m[33m25 skipped[39m[90m (26)[39m
[2m   Start at [22m 17:29:07
[2m   Duration [22m 1.56s[2m (transform 500ms, setup 0ms, import 1.25s, tests 20ms, environment 0ms)[22m

