
[1m[30m[46m RUN [49m[39m[22m [36mv4.1.11 [39m[90m/home/agent/projects/AtlasMode[39m

 [32m✓[39m packages/indexer/src/configCapture.test.ts[2m > [22mcaptured configuration inputs[2m > [22mdrains bounded fixture writers after a real write failure before cleanup[32m 21[2mms[22m[39m
 [32m✓[39m packages/indexer/src/configCapture.test.ts[2m > [22mcaptured configuration inputs[2m > [22mpreserves unreadable capture fault injection through an aliased temporary parent[32m 8[2mms[22m[39m
 [32m✓[39m packages/indexer/src/configCapture.test.ts[2m > [22mcaptured configuration inputs[2m > [22mmarks an enumerated ignored nearest config without reading bytes or counting it as source availability[32m 19[2mms[22m[39m
 [32m✓[39m packages/indexer/src/configCapture.test.ts[2m > [22mcaptured configuration inputs[2m > [22mmarks an enumerated symlinked nearest config without reading bytes or counting it as source availability[32m 9[2mms[22m[39m
 [32m✓[39m packages/indexer/src/configCapture.test.ts[2m > [22mcaptured configuration inputs[2m > [22mmarks an enumerated unreadable nearest config without reading bytes or counting it as source availability[32m 10[2mms[22m[39m
 [32m✓[39m packages/indexer/src/configCapture.test.ts[2m > [22mcaptured configuration inputs[2m > [22mcaptures JSONC and shared relative array extends once in deterministic order[32m 13[2mms[22m[39m
 [32m✓[39m packages/indexer/src/configCapture.test.ts[2m > [22mcaptured configuration inputs[2m > [22mretains invalid JSONC bytes as inputs without echoing them in diagnostics[32m 5[2mms[22m[39m
 [32m✓[39m packages/indexer/src/configCapture.test.ts[2m > [22mcaptured configuration inputs[2m > [22mchecks the opened file at the 262144 byte single-file boundary[32m 13[2mms[22m[39m
 [32m✓[39m packages/indexer/src/configCapture.test.ts[2m > [22mcaptured configuration inputs[2m > [22mchecks the opened file at the 262145 byte single-file boundary[32m 5[2mms[22m[39m
 [32m✓[39m packages/indexer/src/configCapture.test.ts[2m > [22mcaptured configuration inputs[2m > [22menforces the 4194304 byte total boundary with 16 maximum-size seeds[32m 115[2mms[22m[39m
 [32m✓[39m packages/indexer/src/configCapture.test.ts[2m > [22mcaptured configuration inputs[2m > [22menforces the 4194304 byte total boundary with 17 maximum-size seeds[32m 178[2mms[22m[39m
 [32m✓[39m packages/indexer/src/configCapture.test.ts[2m > [22mcaptured configuration inputs[2m > [22mrejects bytes that grow past the single-file budget after opened-handle stat[32m 14[2mms[22m[39m
 [32m✓[39m packages/indexer/src/configCapture.test.ts[2m > [22mcaptured configuration inputs[2m > [22mrejects bytes that grow past the total budget after opened-handle stat[32m 194[2mms[22m[39m
 [32m✓[39m packages/indexer/src/configCapture.test.ts[2m > [22mcaptured configuration inputs[2m > [22m512 eligible configuration seeds[2m > [22menforces the 512 file limit for 512 eligible seeds[33m 580[2mms[22m[39m
 [32m✓[39m packages/indexer/src/configCapture.test.ts[2m > [22mcaptured configuration inputs[2m > [22m513 eligible configuration seeds[2m > [22menforces the 512 file limit for 513 eligible seeds[33m 425[2mms[22m[39m
 [32m✓[39m packages/indexer/src/configCapture.test.ts[2m > [22mcaptured configuration inputs[2m > [22mbounds an extends chain of 16 configuration levels[32m 19[2mms[22m[39m
 [32m✓[39m packages/indexer/src/configCapture.test.ts[2m > [22mcaptured configuration inputs[2m > [22mbounds an extends chain of 17 configuration levels[32m 24[2mms[22m[39m
 [32m✓[39m packages/indexer/src/configCapture.test.ts[2m > [22mcaptured configuration inputs[2m > [22mdiagnoses a cycle even when a path was already captured[32m 11[2mms[22m[39m
 [32m✓[39m packages/indexer/src/configCapture.test.ts[2m > [22mcaptured configuration inputs[2m > [22mrejects unavailable or unsupported extends ./missing.json[32m 3[2mms[22m[39m
 [32m✓[39m packages/indexer/src/configCapture.test.ts[2m > [22mcaptured configuration inputs[2m > [22mrejects unavailable or unsupported extends @scope/config[32m 2[2mms[22m[39m
 [32m✓[39m packages/indexer/src/configCapture.test.ts[2m > [22mcaptured configuration inputs[2m > [22mrejects unavailable or unsupported extends ./base.ts[32m 2[2mms[22m[39m
 [32m✓[39m packages/indexer/src/configCapture.test.ts[2m > [22mcaptured configuration inputs[2m > [22mrejects unavailable or unsupported extends ../../outside.json[32m 3[2mms[22m[39m
 [32m✓[39m packages/indexer/src/configCapture.test.ts[2m > [22mcaptured configuration inputs[2m > [22mrejects unavailable or unsupported extends C:\outside.json[32m 3[2mms[22m[39m
 [32m✓[39m packages/indexer/src/configCapture.test.ts[2m > [22mcaptured configuration inputs[2m > [22mdiagnoses an allowed file removed before capture[32m 2[2mms[22m[39m
 [32m✓[39m packages/indexer/src/configCapture.test.ts[2m > [22mcaptured configuration inputs[2m > [22mrechecks file and directory symlinks without reading outside sentinel bytes[32m 5[2mms[22m[39m
 [32m✓[39m packages/indexer/src/configCapture.test.ts[2m > [22mcaptured configuration inputs[2m > [22mcomposes scanner ignores and fixed exclusions without exposing configuration as source[32m 14[2mms[22m[39m

[2m Test Files [22m [1m[32m1 passed[39m[22m[90m (1)[39m
[2m      Tests [22m [1m[32m26 passed[39m[22m[90m (26)[39m
[2m   Start at [22m 17:30:55
[2m   Duration [22m 3.55s[2m (transform 726ms, setup 0ms, import 1.57s, tests 1.70s, environment 0ms)[22m

